../Core/Src/CyberGear.c:41:12:float_to_uint	32	static
../Core/Src/CyberGear.c:51:14:uint_to_float	32	static
../Core/Src/CyberGear.c:57:14:make_float_writedata	24	static
../Core/Src/CyberGear.c:65:6:CyberGear_SendCANData	16	static
../Core/Src/CyberGear.c:82:6:CyberGear_UnpackCANData	16	static
../Core/Src/CyberGear.c:92:9:CyberGear_GetComType	16	static
../Core/Src/CyberGear.c:95:10:CyberGaer_GetDataArea2	16	static
../Core/Src/CyberGear.c:98:9:CyberGear_GetTargetID	16	static
../Core/Src/CyberGear.c:102:6:CyberGear_Init	24	static
../Core/Src/CyberGear.c:110:6:CyberGear_SetConfig	24	static
../Core/Src/CyberGear.c:117:6:CyberGear_SetMode	24	static
../Core/Src/CyberGear.c:123:6:CyberGear_SpeedLimit	24	static
../Core/Src/CyberGear.c:129:6:CyberGear_TorqueLimit	24	static
../Core/Src/CyberGear.c:135:6:CyberGear_CurrentLimit	24	static
../Core/Src/CyberGear.c:143:6:CyberGear_ControlSpeed	24	static
../Core/Src/CyberGear.c:149:6:CyberGear_ControlPosition	24	static
../Core/Src/CyberGear.c:156:6:CyberGear_GetDeviceID	32	static
../Core/Src/CyberGear.c:162:6:CyberGear_DriveMotor	64	static
../Core/Src/CyberGear.c:188:6:CyberGear_EnableMotor	32	static
../Core/Src/CyberGear.c:196:6:CyberGear_ResetMotor	32	static
../Core/Src/CyberGear.c:204:6:CyberGear_ResetZEROPos	32	static
../Core/Src/CyberGear.c:211:6:CyberGear_ChangeCANID	32	static
../Core/Src/CyberGear.c:218:6:CyberGear_ReadIndexParam	40	static
../Core/Src/CyberGear.c:228:6:CyberGear_WriteIndexParam	48	static
../Core/Src/CyberGear.c:243:6:CyberGear_ReadAllIndexPram	16	static
../Core/Src/CyberGear.c:261:6:CyberGear_CANRxTask	128	static
