../Core/Src/main.c:114:6:HAL_CAN_RxFifo0MsgPendingCallback	88	static
../Core/Src/main.c:125:6:HAL_UART_TxCpltCallback	16	static
../Core/Src/main.c:129:6:HAL_UART_RxCpltCallback	16	static
../Core/Src/main.c:139:5:main	40	static
../Core/Src/main.c:282:6:SystemClock_Config	96	static
../Core/Src/main.c:324:13:MX_CAN_Init	8	static
../Core/Src/main.c:358:13:MX_TIM1_Init	96	static
../Core/Src/main.c:425:13:MX_USART2_UART_Init	8	static
../Core/Src/main.c:455:13:MX_DMA_Init	16	static
../Core/Src/main.c:474:13:MX_GPIO_Init	40	static
../Core/Src/main.c:506:6:Error_Handler	4	static,ignoring_inline_asm
