../Core/Src/main.c:109:6:HAL_CAN_RxFifo0MsgPendingCallback	88	static
../Core/Src/main.c:120:6:HAL_UART_TxCpltCallback	16	static
../Core/Src/main.c:124:6:HAL_UART_RxCpltCallback	16	static
../Core/Src/main.c:134:5:main	64	static
../Core/Src/main.c:312:6:SystemClock_Config	96	static
../Core/Src/main.c:354:13:MX_CAN_Init	8	static
../Core/Src/main.c:388:13:MX_TIM1_Init	96	static
../Core/Src/main.c:455:13:MX_USART2_UART_Init	8	static
../Core/Src/main.c:485:13:MX_DMA_Init	16	static
../Core/Src/main.c:504:13:MX_GPIO_Init	40	static
../Core/Src/main.c:536:6:Error_Handler	4	static,ignoring_inline_asm
