Archive member included to satisfy reference by file (symbol)

/opt/st/stm32cubeide_1.15.0/plugins/com.st.stm32cube.ide.mcu.externaltools.gnu-tools-for-stm32.12.3.rel1.linux64_1.0.100.202403111256/tools/bin/../lib/gcc/arm-none-eabi/12.3.1/../../../../arm-none-eabi/lib/thumb/v7e-m+fp/hard/libc_nano.a(libc_a-exit.o)
                              /opt/st/stm32cubeide_1.15.0/plugins/com.st.stm32cube.ide.mcu.externaltools.gnu-tools-for-stm32.12.3.rel1.linux64_1.0.100.202403111256/tools/bin/../lib/gcc/arm-none-eabi/12.3.1/../../../../arm-none-eabi/lib/thumb/v7e-m+fp/hard/crt0.o (exit)
/opt/st/stm32cubeide_1.15.0/plugins/com.st.stm32cube.ide.mcu.externaltools.gnu-tools-for-stm32.12.3.rel1.linux64_1.0.100.202403111256/tools/bin/../lib/gcc/arm-none-eabi/12.3.1/../../../../arm-none-eabi/lib/thumb/v7e-m+fp/hard/libc_nano.a(libc_a-findfp.o)
                              /opt/st/stm32cubeide_1.15.0/plugins/com.st.stm32cube.ide.mcu.externaltools.gnu-tools-for-stm32.12.3.rel1.linux64_1.0.100.202403111256/tools/bin/../lib/gcc/arm-none-eabi/12.3.1/../../../../arm-none-eabi/lib/thumb/v7e-m+fp/hard/libc_nano.a(libc_a-exit.o) (__stdio_exit_handler)
/opt/st/stm32cubeide_1.15.0/plugins/com.st.stm32cube.ide.mcu.externaltools.gnu-tools-for-stm32.12.3.rel1.linux64_1.0.100.202403111256/tools/bin/../lib/gcc/arm-none-eabi/12.3.1/../../../../arm-none-eabi/lib/thumb/v7e-m+fp/hard/libc_nano.a(libc_a-fwalk.o)
                              /opt/st/stm32cubeide_1.15.0/plugins/com.st.stm32cube.ide.mcu.externaltools.gnu-tools-for-stm32.12.3.rel1.linux64_1.0.100.202403111256/tools/bin/../lib/gcc/arm-none-eabi/12.3.1/../../../../arm-none-eabi/lib/thumb/v7e-m+fp/hard/libc_nano.a(libc_a-findfp.o) (_fwalk_sglue)
/opt/st/stm32cubeide_1.15.0/plugins/com.st.stm32cube.ide.mcu.externaltools.gnu-tools-for-stm32.12.3.rel1.linux64_1.0.100.202403111256/tools/bin/../lib/gcc/arm-none-eabi/12.3.1/../../../../arm-none-eabi/lib/thumb/v7e-m+fp/hard/libc_nano.a(libc_a-stdio.o)
                              /opt/st/stm32cubeide_1.15.0/plugins/com.st.stm32cube.ide.mcu.externaltools.gnu-tools-for-stm32.12.3.rel1.linux64_1.0.100.202403111256/tools/bin/../lib/gcc/arm-none-eabi/12.3.1/../../../../arm-none-eabi/lib/thumb/v7e-m+fp/hard/libc_nano.a(libc_a-findfp.o) (__sread)
/opt/st/stm32cubeide_1.15.0/plugins/com.st.stm32cube.ide.mcu.externaltools.gnu-tools-for-stm32.12.3.rel1.linux64_1.0.100.202403111256/tools/bin/../lib/gcc/arm-none-eabi/12.3.1/../../../../arm-none-eabi/lib/thumb/v7e-m+fp/hard/libc_nano.a(libc_a-memset.o)
                              /opt/st/stm32cubeide_1.15.0/plugins/com.st.stm32cube.ide.mcu.externaltools.gnu-tools-for-stm32.12.3.rel1.linux64_1.0.100.202403111256/tools/bin/../lib/gcc/arm-none-eabi/12.3.1/../../../../arm-none-eabi/lib/thumb/v7e-m+fp/hard/crt0.o (memset)
/opt/st/stm32cubeide_1.15.0/plugins/com.st.stm32cube.ide.mcu.externaltools.gnu-tools-for-stm32.12.3.rel1.linux64_1.0.100.202403111256/tools/bin/../lib/gcc/arm-none-eabi/12.3.1/../../../../arm-none-eabi/lib/thumb/v7e-m+fp/hard/libc_nano.a(libc_a-closer.o)
                              /opt/st/stm32cubeide_1.15.0/plugins/com.st.stm32cube.ide.mcu.externaltools.gnu-tools-for-stm32.12.3.rel1.linux64_1.0.100.202403111256/tools/bin/../lib/gcc/arm-none-eabi/12.3.1/../../../../arm-none-eabi/lib/thumb/v7e-m+fp/hard/libc_nano.a(libc_a-stdio.o) (_close_r)
/opt/st/stm32cubeide_1.15.0/plugins/com.st.stm32cube.ide.mcu.externaltools.gnu-tools-for-stm32.12.3.rel1.linux64_1.0.100.202403111256/tools/bin/../lib/gcc/arm-none-eabi/12.3.1/../../../../arm-none-eabi/lib/thumb/v7e-m+fp/hard/libc_nano.a(libc_a-reent.o)
                              /opt/st/stm32cubeide_1.15.0/plugins/com.st.stm32cube.ide.mcu.externaltools.gnu-tools-for-stm32.12.3.rel1.linux64_1.0.100.202403111256/tools/bin/../lib/gcc/arm-none-eabi/12.3.1/../../../../arm-none-eabi/lib/thumb/v7e-m+fp/hard/libc_nano.a(libc_a-closer.o) (errno)
/opt/st/stm32cubeide_1.15.0/plugins/com.st.stm32cube.ide.mcu.externaltools.gnu-tools-for-stm32.12.3.rel1.linux64_1.0.100.202403111256/tools/bin/../lib/gcc/arm-none-eabi/12.3.1/../../../../arm-none-eabi/lib/thumb/v7e-m+fp/hard/libc_nano.a(libc_a-impure.o)
                              /opt/st/stm32cubeide_1.15.0/plugins/com.st.stm32cube.ide.mcu.externaltools.gnu-tools-for-stm32.12.3.rel1.linux64_1.0.100.202403111256/tools/bin/../lib/gcc/arm-none-eabi/12.3.1/../../../../arm-none-eabi/lib/thumb/v7e-m+fp/hard/libc_nano.a(libc_a-reent.o) (_impure_ptr)
/opt/st/stm32cubeide_1.15.0/plugins/com.st.stm32cube.ide.mcu.externaltools.gnu-tools-for-stm32.12.3.rel1.linux64_1.0.100.202403111256/tools/bin/../lib/gcc/arm-none-eabi/12.3.1/../../../../arm-none-eabi/lib/thumb/v7e-m+fp/hard/libc_nano.a(libc_a-lseekr.o)
                              /opt/st/stm32cubeide_1.15.0/plugins/com.st.stm32cube.ide.mcu.externaltools.gnu-tools-for-stm32.12.3.rel1.linux64_1.0.100.202403111256/tools/bin/../lib/gcc/arm-none-eabi/12.3.1/../../../../arm-none-eabi/lib/thumb/v7e-m+fp/hard/libc_nano.a(libc_a-stdio.o) (_lseek_r)
[...]
Memory Configuration

Name             Origin             Length             Attributes
CCMRAM           0x10000000         0x00001000         xrw
RAM              0x20000000         0x00003000         xrw
FLASH            0x08000000         0x00010000         xr
*default*        0x00000000         0xffffffff

Linker script and memory map

LOAD /opt/st/stm32cubeide_1.15.0/plugins/com.st.stm32cube.ide.mcu.externaltools.gnu-tools-for-stm32.12.3.rel1.linux64_1.0.100.202403111256/tools/bin/../lib/gcc/arm-none-eabi/12.3.1/thumb/v7e-m+fp/hard/crti.o
LOAD /opt/st/stm32cubeide_1.15.0/plugins/com.st.stm32cube.ide.mcu.externaltools.gnu-tools-for-stm32.12.3.rel1.linux64_1.0.100.202403111256/tools/bin/../lib/gcc/arm-none-eabi/12.3.1/thumb/v7e-m+fp/hard/crtbegin.o
LOAD /opt/st/stm32cubeide_1.15.0/plugins/com.st.stm32cube.ide.mcu.externaltools.gnu-tools-for-stm32.12.3.rel1.linux64_1.0.100.202403111256/tools/bin/../lib/gcc/arm-none-eabi/12.3.1/../../../../arm-none-eabi/lib/thumb/v7e-m+fp/hard/crt0.o
LOAD ./Core/Src/CyberGear.o
LOAD ./Core/Src/Easy_CAN6.o
LOAD ./Core/Src/main.o
LOAD ./Core/Src/stm32f3xx_hal_msp.o
LOAD ./Core/Src/stm32f3xx_it.o
LOAD ./Core/Src/syscalls.o
LOAD ./Core/Src/sysmem.o
LOAD ./Core/Src/system_stm32f3xx.o
LOAD ./Core/Startup/startup_stm32f303k8tx.o
LOAD ./Drivers/STM32F3xx_HAL_Driver/Src/stm32f3xx_hal.o
LOAD ./Drivers/STM32F3xx_HAL_Driver/Src/stm32f3xx_hal_can.o
LOAD ./Drivers/STM32F3xx_HAL_Driver/Src/stm32f3xx_hal_cortex.o
LOAD ./Drivers/STM32F3xx_HAL_Driver/Src/stm32f3xx_hal_dma.o
LOAD ./Drivers/STM32F3xx_HAL_Driver/Src/stm32f3xx_hal_exti.o
LOAD ./Drivers/STM32F3xx_HAL_Driver/Src/stm32f3xx_hal_flash.o
LOAD ./Drivers/STM32F3xx_HAL_Driver/Src/stm32f3xx_hal_flash_ex.o
LOAD ./Drivers/STM32F3xx_HAL_Driver/Src/stm32f3xx_hal_gpio.o
LOAD ./Drivers/STM32F3xx_HAL_Driver/Src/stm32f3xx_hal_i2c.o
LOAD ./Drivers/STM32F3xx_HAL_Driver/Src/stm32f3xx_hal_i2c_ex.o
LOAD ./Drivers/STM32F3xx_HAL_Driver/Src/stm32f3xx_hal_pwr.o
LOAD ./Drivers/STM32F3xx_HAL_Driver/Src/stm32f3xx_hal_pwr_ex.o
LOAD ./Drivers/STM32F3xx_HAL_Driver/Src/stm32f3xx_hal_rcc.o
LOAD ./Drivers/STM32F3xx_HAL_Driver/Src/stm32f3xx_hal_rcc_ex.o
LOAD ./Drivers/STM32F3xx_HAL_Driver/Src/stm32f3xx_hal_tim.o
LOAD ./Drivers/STM32F3xx_HAL_Driver/Src/stm32f3xx_hal_tim_ex.o
LOAD ./Drivers/STM32F3xx_HAL_Driver/Src/stm32f3xx_hal_uart.o
LOAD ./Drivers/STM32F3xx_HAL_Driver/Src/stm32f3xx_hal_uart_ex.o
START GROUP
LOAD /opt/st/stm32cubeide_1.15.0/plugins/com.st.stm32cube.ide.mcu.externaltools.gnu-tools-for-stm32.12.3.rel1.linux64_1.0.100.202403111256/tools/bin/../lib/gcc/arm-none-eabi/12.3.1/../../../../arm-none-eabi/lib/thumb/v7e-m+fp/hard/libc_nano.a
LOAD /opt/st/stm32cubeide_1.15.0/plugins/com.st.stm32cube.ide.mcu.externaltools.gnu-tools-for-stm32.12.3.rel1.linux64_1.0.100.202403111256/tools/bin/../lib/gcc/arm-none-eabi/12.3.1/../../../../arm-none-eabi/lib/thumb/v7e-m+fp/hard/libm.a
END GROUP
START GROUP
LOAD /opt/st/stm32cubeide_1.15.0/plugins/com.st.stm32cube.ide.mcu.externaltools.gnu-tools-for-stm32.12.3.rel1.linux64_1.0.100.202403111256/tools/bin/../lib/gcc/arm-none-eabi/12.3.1/thumb/v7e-m+fp/hard/libgcc.a
LOAD /opt/st/stm32cubeide_1.15.0/plugins/com.st.stm32cube.ide.mcu.externaltools.gnu-tools-for-stm32.12.3.rel1.linux64_1.0.100.202403111256/tools/bin/../lib/gcc/arm-none-eabi/12.3.1/../../../../arm-none-eabi/lib/thumb/v7e-m+fp/hard/libc_nano.a
END GROUP
START GROUP
LOAD /opt/st/stm32cubeide_1.15.0/plugins/com.st.stm32cube.ide.mcu.externaltools.gnu-tools-for-stm32.12.3.rel1.linux64_1.0.100.202403111256/tools/bin/../lib/gcc/arm-none-eabi/12.3.1/thumb/v7e-m+fp/hard/libgcc.a
LOAD /opt/st/stm32cubeide_1.15.0/plugins/com.st.stm32cube.ide.mcu.externaltools.gnu-tools-for-stm32.12.3.rel1.linux64_1.0.100.202403111256/tools/bin/../lib/gcc/arm-none-eabi/12.3.1/../../../../arm-none-eabi/lib/thumb/v7e-m+fp/hard/libc_nano.a
LOAD /opt/st/stm32cubeide_1.15.0/plugins/com.st.stm32cube.ide.mcu.externaltools.gnu-tools-for-stm32.12.3.rel1.linux64_1.0.100.202403111256/tools/bin/../lib/gcc/arm-none-eabi/12.3.1/../../../../arm-none-eabi/lib/thumb/v7e-m+fp/hard/libnosys.a
END GROUP
START GROUP
LOAD /opt/st/stm32cubeide_1.15.0/plugins/com.st.stm32cube.ide.mcu.externaltools.gnu-tools-for-stm32.12.3.rel1.linux64_1.0.100.202403111256/tools/bin/../lib/gcc/arm-none-eabi/12.3.1/thumb/v7e-m+fp/hard/libgcc.a
LOAD /opt/st/stm32cubeide_1.15.0/plugins/com.st.stm32cube.ide.mcu.externaltools.gnu-tools-for-stm32.12.3.rel1.linux64_1.0.100.202403111256/tools/bin/../lib/gcc/arm-none-eabi/12.3.1/../../../../arm-none-eabi/lib/thumb/v7e-m+fp/hard/libc_nano.a
LOAD /opt/st/stm32cubeide_1.15.0/plugins/com.st.stm32cube.ide.mcu.externaltools.gnu-tools-for-stm32.12.3.rel1.linux64_1.0.100.202403111256/tools/bin/../lib/gcc/arm-none-eabi/12.3.1/../../../../arm-none-eabi/lib/thumb/v7e-m+fp/hard/libnosys.a
END GROUP
LOAD /opt/st/stm32cubeide_1.15.0/plugins/com.st.stm32cube.ide.mcu.externaltools.gnu-tools-for-stm32.12.3.rel1.linux64_1.0.100.202403111256/tools/bin/../lib/gcc/arm-none-eabi/12.3.1/thumb/v7e-m+fp/hard/crtend.o
LOAD /opt/st/stm32cubeide_1.15.0/plugins/com.st.stm32cube.ide.mcu.externaltools.gnu-tools-for-stm32.12.3.rel1.linux64_1.0.100.202403111256/tools/bin/../lib/gcc/arm-none-eabi/12.3.1/thumb/v7e-m+fp/hard/crtn.o
                0x20003000                        _estack = (ORIGIN (RAM) + LENGTH (RAM))
                0x00000200                        _Min_Heap_Size = 0x200
                0x00000400                        _Min_Stack_Size = 0x400

.isr_vector     0x08000000      0x188
                0x08000000                        . = ALIGN (0x4)
 *(.isr_vector)
 .isr_vector    0x08000000      0x188 ./Core/Startup/startup_stm32f303k8tx.o
                0x08000000                g_pfnVectors
                0x08000188                        . = ALIGN (0x4)

.text           0x08000188     0x33f0
                0x08000188                        . = ALIGN (0x4)
 *(.text)
 .text          0x08000188       0x40 /opt/st/stm32cubeide_1.15.0/plugins/com.st.stm32cube.ide.mcu.externaltools.gnu-tools-for-stm32.12.3.rel1.linux64_1.0.100.202403111256/tools/bin/../lib/gcc/arm-none-eabi/12.3.1/thumb/v7e-m+fp/hard/crtbegin.o
 *(.text*)
 .text.make_float_writedata
                0x080001c8       0x54 ./Core/Src/CyberGear.o
 .text.CyberGear_SendCANData
                0x0800021c       0x9a ./Core/Src/CyberGear.o
                0x0800021c                CyberGear_SendCANData
 .text.CyberGear_Init
                0x080002b6       0x3c ./Core/Src/CyberGear.o
                0x080002b6                CyberGear_Init
 .text.CyberGear_SetConfig
                0x080002f2       0x3a ./Core/Src/CyberGear.o
                0x080002f2                CyberGear_SetConfig
 .text.CyberGear_SetMode
                0x0800032c       0x2c ./Core/Src/CyberGear.o
                0x0800032c                CyberGear_SetMode
 .text.CyberGear_SpeedLimit
                0x08000358       0x48 ./Core/Src/CyberGear.o
                0x08000358                CyberGear_SpeedLimit
 .text.CyberGear_TorqueLimit
                0x080003a0       0x48 ./Core/Src/CyberGear.o
                0x080003a0                CyberGear_TorqueLimit
 .text.CyberGear_CurrentLimit
                0x080003e8       0x48 ./Core/Src/CyberGear.o
                0x080003e8                CyberGear_CurrentLimit
 .text.CyberGear_ControlSpeed
                0x08000430       0x42 ./Core/Src/CyberGear.o
                0x08000430                CyberGear_ControlSpeed
 .text.CyberGear_EnableMotor
                0x08000472       0x3e ./Core/Src/CyberGear.o
                0x08000472                CyberGear_EnableMotor
 .text.CyberGear_ResetMotor
                0x080004b0       0x3e ./Core/Src/CyberGear.o
                0x080004b0                CyberGear_ResetMotor
 .text.CyberGear_WriteIndexParam
                0x080004ee       0x68 ./Core/Src/CyberGear.o
                0x080004ee                CyberGear_WriteIndexParam
 .text.Easy_CAN6_Start
                0x08000556       0xaa ./Core/Src/Easy_CAN6.o
                0x08000556                Easy_CAN6_Start
 .text.Easy_CAN6_BlockingTransmit_Ext
                0x08000600       0x62 ./Core/Src/Easy_CAN6.o
                0x08000600                Easy_CAN6_BlockingTransmit_Ext
 *fill*         0x08000662        0x2 
 .text.main     0x08000664      0x124 ./Core/Src/main.o
                0x08000664                main
 .text.SystemClock_Config
                0x08000788       0x82 ./Core/Src/main.o
                0x08000788                SystemClock_Config
 *fill*         0x0800080a        0x2 
 .text.MX_CAN_Init
                0x0800080c       0x6c ./Core/Src/main.o
 .text.MX_USART2_UART_Init
                0x08000878       0x60 ./Core/Src/main.o
 .text.MX_GPIO_Init
                0x080008d8       0x48 ./Core/Src/main.o
 .text.Error_Handler
                0x08000920        0xc ./Core/Src/main.o
                0x08000920                Error_Handler
 .text.HAL_MspInit
                0x0800092c       0x48 ./Core/Src/stm32f3xx_hal_msp.o
                0x0800092c                HAL_MspInit
 .text.HAL_CAN_MspInit
                0x08000974       0x88 ./Core/Src/stm32f3xx_hal_msp.o
                0x08000974                HAL_CAN_MspInit
 .text.HAL_UART_MspInit
                0x080009fc       0x88 ./Core/Src/stm32f3xx_hal_msp.o
                0x080009fc                HAL_UART_MspInit
 .text.NMI_Handler
                0x08000a84        0x8 ./Core/Src/stm32f3xx_it.o
                0x08000a84                NMI_Handler
 .text.HardFault_Handler
                0x08000a8c        0x8 ./Core/Src/stm32f3xx_it.o
                0x08000a8c                HardFault_Handler
 .text.MemManage_Handler
                0x08000a94        0x8 ./Core/Src/stm32f3xx_it.o
                0x08000a94                MemManage_Handler
 .text.BusFault_Handler
                0x08000a9c        0x8 ./Core/Src/stm32f3xx_it.o
                0x08000a9c                BusFault_Handler
 .text.UsageFault_Handler
                0x08000aa4        0x8 ./Core/Src/stm32f3xx_it.o
                0x08000aa4                UsageFault_Handler
 .text.SVC_Handler
                0x08000aac        0xe ./Core/Src/stm32f3xx_it.o
                0x08000aac                SVC_Handler
 .text.DebugMon_Handler
                0x08000aba        0xe ./Core/Src/stm32f3xx_it.o
                0x08000aba                DebugMon_Handler
 .text.PendSV_Handler
                0x08000ac8        0xe ./Core/Src/stm32f3xx_it.o
                0x08000ac8                PendSV_Handler
 .text.SysTick_Handler
                0x08000ad6        0xc ./Core/Src/stm32f3xx_it.o
                0x08000ad6                SysTick_Handler
 *fill*         0x08000ae2        0x2 
 .text.SystemInit
                0x08000ae4       0x24 ./Core/Src/system_stm32f3xx.o
                0x08000ae4                SystemInit
 .text.Reset_Handler
                0x08000b08       0x50 ./Core/Startup/startup_stm32f303k8tx.o
                0x08000b08                Reset_Handler
 .text.Default_Handler
                0x08000b58        0x2 ./Core/Startup/startup_stm32f303k8tx.o
                0x08000b58                RTC_Alarm_IRQHandler
                0x08000b58                TIM1_CC_IRQHandler
                0x08000b58                PVD_IRQHandler
                0x08000b58                TAMP_STAMP_IRQHandler
                0x08000b58                EXTI3_IRQHandler
                0x08000b58                EXTI0_IRQHandler
                0x08000b58                FPU_IRQHandler
                0x08000b58                CAN_TX_IRQHandler
                0x08000b58                TIM1_UP_TIM16_IRQHandler
                0x08000b58                ADC1_2_IRQHandler
                0x08000b58                SPI1_IRQHandler
                0x08000b58                CAN_SCE_IRQHandler
                0x08000b58                DMA1_Channel4_IRQHandler
                0x08000b58                USART3_IRQHandler
                0x08000b58                DMA1_Channel7_IRQHandler
                0x08000b58                TIM7_DAC2_IRQHandler
                0x08000b58                CAN_RX1_IRQHandler
                0x08000b58                I2C1_EV_IRQHandler
                0x08000b58                DMA1_Channel6_IRQHandler
                0x08000b58                TIM3_IRQHandler
                0x08000b58                RCC_IRQHandler
                0x08000b58                DMA1_Channel1_IRQHandler
                0x08000b58                Default_Handler
                0x08000b58                EXTI15_10_IRQHandler
                0x08000b58                COMP2_IRQHandler
                0x08000b58                TIM6_DAC1_IRQHandler
                0x08000b58                EXTI9_5_IRQHandler
                0x08000b58                RTC_WKUP_IRQHandler
                0x08000b58                DMA1_Channel5_IRQHandler
                0x08000b58                EXTI4_IRQHandler
                0x08000b58                TIM1_TRG_COM_TIM17_IRQHandler
                0x08000b58                DMA1_Channel3_IRQHandler
                0x08000b58                WWDG_IRQHandler
                0x08000b58                TIM2_IRQHandler
                0x08000b58                EXTI1_IRQHandler
                0x08000b58                COMP4_6_IRQHandler
                0x08000b58                USART2_IRQHandler
                0x08000b58                DMA1_Channel2_IRQHandler
                0x08000b58                FLASH_IRQHandler
                0x08000b58                USART1_IRQHandler
                0x08000b58                CAN_RX0_IRQHandler
                0x08000b58                I2C1_ER_IRQHandler
                0x08000b58                EXTI2_TSC_IRQHandler
                0x08000b58                TIM1_BRK_TIM15_IRQHandler
 *fill*         0x08000b5a        0x2 
 .text.HAL_Init
                0x08000b5c       0x2c ./Drivers/STM32F3xx_HAL_Driver/Src/stm32f3xx_hal.o
                0x08000b5c                HAL_Init
 .text.HAL_InitTick
                0x08000b88       0x60 ./Drivers/STM32F3xx_HAL_Driver/Src/stm32f3xx_hal.o
                0x08000b88                HAL_InitTick
 .text.HAL_IncTick
                0x08000be8       0x28 ./Drivers/STM32F3xx_HAL_Driver/Src/stm32f3xx_hal.o
                0x08000be8                HAL_IncTick
 .text.HAL_GetTick
                0x08000c10       0x18 ./Drivers/STM32F3xx_HAL_Driver/Src/stm32f3xx_hal.o
                0x08000c10                HAL_GetTick
 .text.HAL_Delay
                0x08000c28       0x48 ./Drivers/STM32F3xx_HAL_Driver/Src/stm32f3xx_hal.o
                0x08000c28                HAL_Delay
 .text.HAL_CAN_Init
                0x08000c70      0x1f6 ./Drivers/STM32F3xx_HAL_Driver/Src/stm32f3xx_hal_can.o
                0x08000c70                HAL_CAN_Init
 .text.HAL_CAN_ConfigFilter
                0x08000e66      0x194 ./Drivers/STM32F3xx_HAL_Driver/Src/stm32f3xx_hal_can.o
                0x08000e66                HAL_CAN_ConfigFilter
 .text.HAL_CAN_Start
                0x08000ffa       0x88 ./Drivers/STM32F3xx_HAL_Driver/Src/stm32f3xx_hal_can.o
                0x08000ffa                HAL_CAN_Start
 .text.HAL_CAN_AddTxMessage
                0x08001082      0x1a0 ./Drivers/STM32F3xx_HAL_Driver/Src/stm32f3xx_hal_can.o
                0x08001082                HAL_CAN_AddTxMessage
 .text.HAL_CAN_GetTxMailboxesFreeLevel
                0x08001222       0x6a ./Drivers/STM32F3xx_HAL_Driver/Src/stm32f3xx_hal_can.o
                0x08001222                HAL_CAN_GetTxMailboxesFreeLevel
 .text.HAL_CAN_ActivateNotification
                0x0800128c       0x4c ./Drivers/STM32F3xx_HAL_Driver/Src/stm32f3xx_hal_can.o
                0x0800128c                HAL_CAN_ActivateNotification
 .text.__NVIC_SetPriorityGrouping
                0x080012d8       0x48 ./Drivers/STM32F3xx_HAL_Driver/Src/stm32f3xx_hal_cortex.o
 .text.__NVIC_GetPriorityGrouping
                0x08001320       0x1c ./Drivers/STM32F3xx_HAL_Driver/Src/stm32f3xx_hal_cortex.o
 .text.__NVIC_SetPriority
                0x0800133c       0x54 ./Drivers/STM32F3xx_HAL_Driver/Src/stm32f3xx_hal_cortex.o
 .text.NVIC_EncodePriority
                0x08001390       0x66 ./Drivers/STM32F3xx_HAL_Driver/Src/stm32f3xx_hal_cortex.o
 *fill*         0x080013f6        0x2 
 .text.__NVIC_SystemReset
                0x080013f8       0x2c ./Drivers/STM32F3xx_HAL_Driver/Src/stm32f3xx_hal_cortex.o
 .text.SysTick_Config
                0x08001424       0x44 ./Drivers/STM32F3xx_HAL_Driver/Src/stm32f3xx_hal_cortex.o
 .text.HAL_NVIC_SetPriorityGrouping
                0x08001468       0x16 ./Drivers/STM32F3xx_HAL_Driver/Src/stm32f3xx_hal_cortex.o
                0x08001468                HAL_NVIC_SetPriorityGrouping
 .text.HAL_NVIC_SetPriority
                0x0800147e       0x38 ./Drivers/STM32F3xx_HAL_Driver/Src/stm32f3xx_hal_cortex.o
                0x0800147e                HAL_NVIC_SetPriority
 .text.HAL_NVIC_SystemReset
                0x080014b6        0x8 ./Drivers/STM32F3xx_HAL_Driver/Src/stm32f3xx_hal_cortex.o
                0x080014b6                HAL_NVIC_SystemReset
 .text.HAL_SYSTICK_Config
                0x080014be       0x18 ./Drivers/STM32F3xx_HAL_Driver/Src/stm32f3xx_hal_cortex.o
                0x080014be                HAL_SYSTICK_Config
 *fill*         0x080014d6        0x2 
 .text.HAL_GPIO_Init
                0x080014d8      0x2e4 ./Drivers/STM32F3xx_HAL_Driver/Src/stm32f3xx_hal_gpio.o
                0x080014d8                HAL_GPIO_Init
 .text.HAL_RCC_OscConfig
                0x080017bc     0x107c ./Drivers/STM32F3xx_HAL_Driver/Src/stm32f3xx_hal_rcc.o
                0x080017bc                HAL_RCC_OscConfig
 .text.HAL_RCC_ClockConfig
                0x08002838      0x2f8 ./Drivers/STM32F3xx_HAL_Driver/Src/stm32f3xx_hal_rcc.o
                0x08002838                HAL_RCC_ClockConfig
 .text.HAL_RCC_GetSysClockFreq
                0x08002b30       0xd4 ./Drivers/STM32F3xx_HAL_Driver/Src/stm32f3xx_hal_rcc.o
                0x08002b30                HAL_RCC_GetSysClockFreq
 .text.HAL_RCC_GetHCLKFreq
                0x08002c04       0x18 ./Drivers/STM32F3xx_HAL_Driver/Src/stm32f3xx_hal_rcc.o
                0x08002c04                HAL_RCC_GetHCLKFreq
 .text.HAL_RCC_GetPCLK1Freq
                0x08002c1c       0x44 ./Drivers/STM32F3xx_HAL_Driver/Src/stm32f3xx_hal_rcc.o
                0x08002c1c                HAL_RCC_GetPCLK1Freq
 .text.HAL_RCC_GetPCLK2Freq
                0x08002c60       0x44 ./Drivers/STM32F3xx_HAL_Driver/Src/stm32f3xx_hal_rcc.o
                0x08002c60                HAL_RCC_GetPCLK2Freq
 .text.HAL_UART_Init
                0x08002ca4       0x9c ./Drivers/STM32F3xx_HAL_Driver/Src/stm32f3xx_hal_uart.o
                0x08002ca4                HAL_UART_Init
 .text.HAL_UART_Transmit
                0x08002d40      0x112 ./Drivers/STM32F3xx_HAL_Driver/Src/stm32f3xx_hal_uart.o
                0x08002d40                HAL_UART_Transmit
 *fill*         0x08002e52        0x2 
 .text.UART_SetConfig
                0x08002e54      0x26c ./Drivers/STM32F3xx_HAL_Driver/Src/stm32f3xx_hal_uart.o
                0x08002e54                UART_SetConfig
 .text.UART_AdvFeatureConfig
                0x080030c0      0x144 ./Drivers/STM32F3xx_HAL_Driver/Src/stm32f3xx_hal_uart.o
                0x080030c0                UART_AdvFeatureConfig
 .text.UART_CheckIdleState
                0x08003204      0x150 ./Drivers/STM32F3xx_HAL_Driver/Src/stm32f3xx_hal_uart.o
                0x08003204                UART_CheckIdleState
 .text.UART_WaitOnFlagUntilTimeout
                0x08003354       0xce ./Drivers/STM32F3xx_HAL_Driver/Src/stm32f3xx_hal_uart.o
                0x08003354                UART_WaitOnFlagUntilTimeout
 .text.UART_EndRxTransfer
                0x08003422       0xc8 ./Drivers/STM32F3xx_HAL_Driver/Src/stm32f3xx_hal_uart.o
 .text.memset   0x080034ea       0x10 /opt/st/stm32cubeide_1.15.0/plugins/com.st.stm32cube.ide.mcu.externaltools.gnu-tools-for-stm32.12.3.rel1.linux64_1.0.100.202403111256/tools/bin/../lib/gcc/arm-none-eabi/12.3.1/../../../../arm-none-eabi/lib/thumb/v7e-m+fp/hard/libc_nano.a(libc_a-memset.o)
                0x080034ea                memset
 *fill*         0x080034fa        0x2 
 .text.__libc_init_array
                0x080034fc       0x48 /opt/st/stm32cubeide_1.15.0/plugins/com.st.stm32cube.ide.mcu.externaltools.gnu-tools-for-stm32.12.3.rel1.linux64_1.0.100.202403111256/tools/bin/../lib/gcc/arm-none-eabi/12.3.1/../../../../arm-none-eabi/lib/thumb/v7e-m+fp/hard/libc_nano.a(libc_a-init.o)
                0x080034fc                __libc_init_array
 .text.memcpy   0x08003544       0x1c /opt/st/stm32cubeide_1.15.0/plugins/com.st.stm32cube.ide.mcu.externaltools.gnu-tools-for-stm32.12.3.rel1.linux64_1.0.100.202403111256/tools/bin/../lib/gcc/arm-none-eabi/12.3.1/../../../../arm-none-eabi/lib/thumb/v7e-m+fp/hard/libc_nano.a(libc_a-memcpy-stub.o)
                0x08003544                memcpy
 *(.glue_7)
 .glue_7        0x08003560        0x0 linker stubs
 *(.glue_7t)
 .glue_7t       0x08003560        0x0 linker stubs
 *(.eh_frame)
 .eh_frame      0x08003560        0x0 /opt/st/stm32cubeide_1.15.0/plugins/com.st.stm32cube.ide.mcu.externaltools.gnu-tools-for-stm32.12.3.rel1.linux64_1.0.100.202403111256/tools/bin/../lib/gcc/arm-none-eabi/12.3.1/thumb/v7e-m+fp/hard/crtbegin.o
 *(.init)
 .init          0x08003560        0x4 /opt/st/stm32cubeide_1.15.0/plugins/com.st.stm32cube.ide.mcu.externaltools.gnu-tools-for-stm32.12.3.rel1.linux64_1.0.100.202403111256/tools/bin/../lib/gcc/arm-none-eabi/12.3.1/thumb/v7e-m+fp/hard/crti.o
                0x08003560                _init
 .init          0x08003564        0x8 /opt/st/stm32cubeide_1.15.0/plugins/com.st.stm32cube.ide.mcu.externaltools.gnu-tools-for-stm32.12.3.rel1.linux64_1.0.100.202403111256/tools/bin/../lib/gcc/arm-none-eabi/12.3.1/thumb/v7e-m+fp/hard/crtn.o
 *(.fini)
 .fini          0x0800356c        0x4 /opt/st/stm32cubeide_1.15.0/plugins/com.st.stm32cube.ide.mcu.externaltools.gnu-tools-for-stm32.12.3.rel1.linux64_1.0.100.202403111256/tools/bin/../lib/gcc/arm-none-eabi/12.3.1/thumb/v7e-m+fp/hard/crti.o
                0x0800356c                _fini
 .fini          0x08003570        0x8 /opt/st/stm32cubeide_1.15.0/plugins/com.st.stm32cube.ide.mcu.externaltools.gnu-tools-for-stm32.12.3.rel1.linux64_1.0.100.202403111256/tools/bin/../lib/gcc/arm-none-eabi/12.3.1/thumb/v7e-m+fp/hard/crtn.o
                0x08003578                        . = ALIGN (0x4)
                0x08003578                        _etext = .

.vfp11_veneer   0x08003578        0x0
 .vfp11_veneer  0x08003578        0x0 linker stubs

.v4_bx          0x08003578        0x0
 .v4_bx         0x08003578        0x0 linker stubs

.iplt           0x08003578        0x0
 .iplt          0x08003578        0x0 /opt/st/stm32cubeide_1.15.0/plugins/com.st.stm32cube.ide.mcu.externaltools.gnu-tools-for-stm32.12.3.rel1.linux64_1.0.100.202403111256/tools/bin/../lib/gcc/arm-none-eabi/12.3.1/thumb/v7e-m+fp/hard/crtbegin.o

.rodata         0x08003578       0x4c
                0x08003578                        . = ALIGN (0x4)
 *(.rodata)
 .rodata        0x08003578       0x12 ./Core/Src/main.o
 *(.rodata*)
 *fill*         0x0800358a        0x2 
 .rodata.AHBPrescTable
                0x0800358c       0x10 ./Core/Src/system_stm32f3xx.o
                0x0800358c                AHBPrescTable
 .rodata.APBPrescTable
                0x0800359c        0x8 ./Core/Src/system_stm32f3xx.o
                0x0800359c                APBPrescTable
 .rodata.aPLLMULFactorTable
                0x080035a4       0x10 ./Drivers/STM32F3xx_HAL_Driver/Src/stm32f3xx_hal_rcc.o
 .rodata.aPredivFactorTable
                0x080035b4       0x10 ./Drivers/STM32F3xx_HAL_Driver/Src/stm32f3xx_hal_rcc.o
                0x080035c4                        . = ALIGN (0x4)

.rel.dyn        0x080035c4        0x0
 .rel.iplt      0x080035c4        0x0 /opt/st/stm32cubeide_1.15.0/plugins/com.st.stm32cube.ide.mcu.externaltools.gnu-tools-for-stm32.12.3.rel1.linux64_1.0.100.202403111256/tools/bin/../lib/gcc/arm-none-eabi/12.3.1/thumb/v7e-m+fp/hard/crtbegin.o

.ARM.extab      0x080035c4        0x0
                0x080035c4                        . = ALIGN (0x4)
 *(.ARM.extab* .gnu.linkonce.armextab.*)
                0x080035c4                        . = ALIGN (0x4)

.ARM            0x080035c4        0x0
                0x080035c4                        . = ALIGN (0x4)
                0x080035c4                        __exidx_start = .
 *(.ARM.exidx*)
                0x080035c4                        __exidx_end = .
                0x080035c4                        . = ALIGN (0x4)

.preinit_array  0x080035c4        0x0
                0x080035c4                        . = ALIGN (0x4)
                0x080035c4                        PROVIDE (__preinit_array_start = .)
 *(.preinit_array*)
                0x080035c4                        PROVIDE (__preinit_array_end = .)
                0x080035c4                        . = ALIGN (0x4)

.init_array     0x080035c4        0x4
                0x080035c4                        . = ALIGN (0x4)
                0x080035c4                        PROVIDE (__init_array_start = .)
 *(SORT_BY_NAME(.init_array.*))
 *(.init_array*)
 .init_array    0x080035c4        0x4 /opt/st/stm32cubeide_1.15.0/plugins/com.st.stm32cube.ide.mcu.externaltools.gnu-tools-for-stm32.12.3.rel1.linux64_1.0.100.202403111256/tools/bin/../lib/gcc/arm-none-eabi/12.3.1/thumb/v7e-m+fp/hard/crtbegin.o
                0x080035c8                        PROVIDE (__init_array_end = .)
                0x080035c8                        . = ALIGN (0x4)

.fini_array     0x080035c8        0x4
                0x080035c8                        . = ALIGN (0x4)
                [!provide]                        PROVIDE (__fini_array_start = .)
 *(SORT_BY_NAME(.fini_array.*))
 *(.fini_array*)
 .fini_array    0x080035c8        0x4 /opt/st/stm32cubeide_1.15.0/plugins/com.st.stm32cube.ide.mcu.externaltools.gnu-tools-for-stm32.12.3.rel1.linux64_1.0.100.202403111256/tools/bin/../lib/gcc/arm-none-eabi/12.3.1/thumb/v7e-m+fp/hard/crtbegin.o
                [!provide]                        PROVIDE (__fini_array_end = .)
                0x080035cc                        . = ALIGN (0x4)
                0x080035cc                        _sidata = LOADADDR (.data)

.data           0x20000000        0xc load address 0x080035cc
                0x20000000                        . = ALIGN (0x4)
                0x20000000                        _sdata = .
 *(.data)
 *(.data*)
 .data.SystemCoreClock
                0x20000000        0x4 ./Core/Src/system_stm32f3xx.o
                0x20000000                SystemCoreClock
 .data.uwTickPrio
                0x20000004        0x4 ./Drivers/STM32F3xx_HAL_Driver/Src/stm32f3xx_hal.o
                0x20000004                uwTickPrio
 .data.uwTickFreq
                0x20000008        0x1 ./Drivers/STM32F3xx_HAL_Driver/Src/stm32f3xx_hal.o
                0x20000008                uwTickFreq
 *(.RamFunc)
 *(.RamFunc*)
                0x2000000c                        . = ALIGN (0x4)
 *fill*         0x20000009        0x3 
                0x2000000c                        _edata = .

.igot.plt       0x2000000c        0x0 load address 0x080035d8
 .igot.plt      0x2000000c        0x0 /opt/st/stm32cubeide_1.15.0/plugins/com.st.stm32cube.ide.mcu.externaltools.gnu-tools-for-stm32.12.3.rel1.linux64_1.0.100.202403111256/tools/bin/../lib/gcc/arm-none-eabi/12.3.1/thumb/v7e-m+fp/hard/crtbegin.o
                0x2000000c                        . = ALIGN (0x4)

.bss            0x2000000c      0x3f8 load address 0x080035d8
                0x2000000c                        _sbss = .
                0x2000000c                        __bss_start__ = _sbss
 *(.bss)
 .bss           0x2000000c       0x1c /opt/st/stm32cubeide_1.15.0/plugins/com.st.stm32cube.ide.mcu.externaltools.gnu-tools-for-stm32.12.3.rel1.linux64_1.0.100.202403111256/tools/bin/../lib/gcc/arm-none-eabi/12.3.1/thumb/v7e-m+fp/hard/crtbegin.o
 *(.bss*)
 .bss.hcan      0x20000028       0x28 ./Core/Src/main.o
                0x20000028                hcan
 .bss.huart2    0x20000050       0x88 ./Core/Src/main.o
                0x20000050                huart2
 .bss.my_cyber  0x200000d8      0x2c0 ./Core/Src/main.o
                0x200000d8                my_cyber
 .bss.ecan      0x20000398       0x68 ./Core/Src/main.o
                0x20000398                ecan
 .bss.uwTick    0x20000400        0x4 ./Drivers/STM32F3xx_HAL_Driver/Src/stm32f3xx_hal.o
                0x20000400                uwTick
 *(COMMON)
                0x20000404                        . = ALIGN (0x4)
                0x20000404                        _ebss = .
                0x20000404                        __bss_end__ = _ebss

._user_heap_stack
                0x20000404      0x604 load address 0x080035d8
                0x20000408                        . = ALIGN (0x8)
 *fill*         0x20000404        0x4 
                [!provide]                        PROVIDE (end = .)
                0x20000408                        PROVIDE (_end = .)
                0x20000608                        . = (. + _Min_Heap_Size)
 *fill*         0x20000408      0x200 
                0x20000a08                        . = (. + _Min_Stack_Size)
 *fill*         0x20000608      0x400 
                0x20000a08                        . = ALIGN (0x8)

/DISCARD/
 libc.a(*)
 libm.a(*)
 libgcc.a(*)

.ARM.attributes
                0x00000000       0x30
 *(.ARM.attributes)
 .ARM.attributes
                0x00000000       0x22 /opt/st/stm32cubeide_1.15.0/plugins/com.st.stm32cube.ide.mcu.externaltools.gnu-tools-for-stm32.12.3.rel1.linux64_1.0.100.202403111256/tools/bin/../lib/gcc/arm-none-eabi/12.3.1/thumb/v7e-m+fp/hard/crti.o
 .ARM.attributes
                0x00000022       0x34 /opt/st/stm32cubeide_1.15.0/plugins/com.st.stm32cube.ide.mcu.externaltools.gnu-tools-for-stm32.12.3.rel1.linux64_1.0.100.202403111256/tools/bin/../lib/gcc/arm-none-eabi/12.3.1/thumb/v7e-m+fp/hard/crtbegin.o
 .ARM.attributes
                0x00000056       0x34 ./Core/Src/CyberGear.o
 .ARM.attributes
                0x0000008a       0x34 ./Core/Src/Easy_CAN6.o
 .ARM.attributes
                0x000000be       0x34 ./Core/Src/main.o
 .ARM.attributes
                0x000000f2       0x34 ./Core/Src/stm32f3xx_hal_msp.o
 .ARM.attributes
                0x00000126       0x34 ./Core/Src/stm32f3xx_it.o
 .ARM.attributes
                0x0000015a       0x34 ./Core/Src/system_stm32f3xx.o
 .ARM.attributes
                0x0000018e       0x21 ./Core/Startup/startup_stm32f303k8tx.o
 .ARM.attributes
                0x000001af       0x34 ./Drivers/STM32F3xx_HAL_Driver/Src/stm32f3xx_hal.o
 .ARM.attributes
                0x000001e3       0x34 ./Drivers/STM32F3xx_HAL_Driver/Src/stm32f3xx_hal_can.o
 .ARM.attributes
                0x00000217       0x34 ./Drivers/STM32F3xx_HAL_Driver/Src/stm32f3xx_hal_cortex.o
 .ARM.attributes
                0x0000024b       0x34 ./Drivers/STM32F3xx_HAL_Driver/Src/stm32f3xx_hal_gpio.o
 .ARM.attributes
                0x0000027f       0x34 ./Drivers/STM32F3xx_HAL_Driver/Src/stm32f3xx_hal_rcc.o
 .ARM.attributes
                0x000002b3       0x34 ./Drivers/STM32F3xx_HAL_Driver/Src/stm32f3xx_hal_uart.o
 .ARM.attributes
                0x000002e7       0x34 /opt/st/stm32cubeide_1.15.0/plugins/com.st.stm32cube.ide.mcu.externaltools.gnu-tools-for-stm32.12.3.rel1.linux64_1.0.100.202403111256/tools/bin/../lib/gcc/arm-none-eabi/12.3.1/../../../../arm-none-eabi/lib/thumb/v7e-m+fp/hard/libc_nano.a(libc_a-memset.o)
 .ARM.attributes
                0x0000031b       0x34 /opt/st/stm32cubeide_1.15.0/plugins/com.st.stm32cube.ide.mcu.externaltools.gnu-tools-for-stm32.12.3.rel1.linux64_1.0.100.202403111256/tools/bin/../lib/gcc/arm-none-eabi/12.3.1/../../../../arm-none-eabi/lib/thumb/v7e-m+fp/hard/libc_nano.a(libc_a-init.o)
 .ARM.attributes
                0x0000034f       0x34 /opt/st/stm32cubeide_1.15.0/plugins/com.st.stm32cube.ide.mcu.externaltools.gnu-tools-for-stm32.12.3.rel1.linux64_1.0.100.202403111256/tools/bin/../lib/gcc/arm-none-eabi/12.3.1/../../../../arm-none-eabi/lib/thumb/v7e-m+fp/hard/libc_nano.a(libc_a-memcpy-stub.o)
 .ARM.attributes
                0x00000383       0x22 /opt/st/stm32cubeide_1.15.0/plugins/com.st.stm32cube.ide.mcu.externaltools.gnu-tools-for-stm32.12.3.rel1.linux64_1.0.100.202403111256/tools/bin/../lib/gcc/arm-none-eabi/12.3.1/thumb/v7e-m+fp/hard/crtn.o
OUTPUT(cybergeartest3.elf elf32-littlearm)
LOAD linker stubs
LOAD /opt/st/stm32cubeide_1.15.0/plugins/com.st.stm32cube.ide.mcu.externaltools.gnu-tools-for-stm32.12.3.rel1.linux64_1.0.100.202403111256/tools/bin/../lib/gcc/arm-none-eabi/12.3.1/../../../../arm-none-eabi/lib/thumb/v7e-m+fp/hard/libc.a
LOAD /opt/st/stm32cubeide_1.15.0/plugins/com.st.stm32cube.ide.mcu.externaltools.gnu-tools-for-stm32.12.3.rel1.linux64_1.0.100.202403111256/tools/bin/../lib/gcc/arm-none-eabi/12.3.1/../../../../arm-none-eabi/lib/thumb/v7e-m+fp/hard/libm.a
LOAD /opt/st/stm32cubeide_1.15.0/plugins/com.st.stm32cube.ide.mcu.externaltools.gnu-tools-for-stm32.12.3.rel1.linux64_1.0.100.202403111256/tools/bin/../lib/gcc/arm-none-eabi/12.3.1/thumb/v7e-m+fp/hard/libgcc.a

.debug_info     0x00000000     0xbb84
 .debug_info    0x00000000     0x1362 ./Core/Src/CyberGear.o
 .debug_info    0x00001362      0xb06 ./Core/Src/Easy_CAN6.o
 .debug_info    0x00001e68     0x1490 ./Core/Src/main.o
 .debug_info    0x000032f8      0xd1c ./Core/Src/stm32f3xx_hal_msp.o
 .debug_info    0x00004014      0x113 ./Core/Src/stm32f3xx_it.o
 .debug_info    0x00004127      0x407 ./Core/Src/system_stm32f3xx.o
 .debug_info    0x0000452e       0x30 ./Core/Startup/startup_stm32f303k8tx.o
 .debug_info    0x0000455e      0x74a ./Drivers/STM32F3xx_HAL_Driver/Src/stm32f3xx_hal.o
 .debug_info    0x00004ca8      0xf16 ./Drivers/STM32F3xx_HAL_Driver/Src/stm32f3xx_hal_can.o
 .debug_info    0x00005bbe      0xa87 ./Drivers/STM32F3xx_HAL_Driver/Src/stm32f3xx_hal_cortex.o
 .debug_info    0x00006645      0x6a6 ./Drivers/STM32F3xx_HAL_Driver/Src/stm32f3xx_hal_gpio.o
 .debug_info    0x00006ceb     0x14f1 ./Drivers/STM32F3xx_HAL_Driver/Src/stm32f3xx_hal_rcc.o
 .debug_info    0x000081dc     0x39a8 ./Drivers/STM32F3xx_HAL_Driver/Src/stm32f3xx_hal_uart.o

.debug_abbrev   0x00000000     0x198d
 .debug_abbrev  0x00000000      0x29c ./Core/Src/CyberGear.o
 .debug_abbrev  0x0000029c      0x1da ./Core/Src/Easy_CAN6.o
 .debug_abbrev  0x00000476      0x2d5 ./Core/Src/main.o
 .debug_abbrev  0x0000074b      0x1dc ./Core/Src/stm32f3xx_hal_msp.o
 .debug_abbrev  0x00000927       0x73 ./Core/Src/stm32f3xx_it.o
 .debug_abbrev  0x0000099a      0x11a ./Core/Src/system_stm32f3xx.o
 .debug_abbrev  0x00000ab4       0x24 ./Core/Startup/startup_stm32f303k8tx.o
 .debug_abbrev  0x00000ad8      0x215 ./Drivers/STM32F3xx_HAL_Driver/Src/stm32f3xx_hal.o
 .debug_abbrev  0x00000ced      0x20d ./Drivers/STM32F3xx_HAL_Driver/Src/stm32f3xx_hal_can.o
 .debug_abbrev  0x00000efa      0x2f8 ./Drivers/STM32F3xx_HAL_Driver/Src/stm32f3xx_hal_cortex.o
 .debug_abbrev  0x000011f2      0x1ca ./Drivers/STM32F3xx_HAL_Driver/Src/stm32f3xx_hal_gpio.o
 .debug_abbrev  0x000013bc      0x300 ./Drivers/STM32F3xx_HAL_Driver/Src/stm32f3xx_hal_rcc.o
 .debug_abbrev  0x000016bc      0x2d1 ./Drivers/STM32F3xx_HAL_Driver/Src/stm32f3xx_hal_uart.o

.debug_aranges  0x00000000      0x8b8
 .debug_aranges
                0x00000000       0xe8 ./Core/Src/CyberGear.o
 .debug_aranges
                0x000000e8       0x70 ./Core/Src/Easy_CAN6.o
 .debug_aranges
                0x00000158       0x50 ./Core/Src/main.o
 .debug_aranges
                0x000001a8       0x40 ./Core/Src/stm32f3xx_hal_msp.o
 .debug_aranges
                0x000001e8       0x60 ./Core/Src/stm32f3xx_it.o
 .debug_aranges
                0x00000248       0x28 ./Core/Src/system_stm32f3xx.o
 .debug_aranges
                0x00000270       0x28 ./Core/Startup/startup_stm32f303k8tx.o
 .debug_aranges
                0x00000298       0xe0 ./Drivers/STM32F3xx_HAL_Driver/Src/stm32f3xx_hal.o
 .debug_aranges
                0x00000378      0x138 ./Drivers/STM32F3xx_HAL_Driver/Src/stm32f3xx_hal_can.o
 .debug_aranges
                0x000004b0      0x100 ./Drivers/STM32F3xx_HAL_Driver/Src/stm32f3xx_hal_cortex.o
 .debug_aranges
                0x000005b0       0x58 ./Drivers/STM32F3xx_HAL_Driver/Src/stm32f3xx_hal_gpio.o
 .debug_aranges
                0x00000608       0x88 ./Drivers/STM32F3xx_HAL_Driver/Src/stm32f3xx_hal_rcc.o
 .debug_aranges
                0x00000690      0x228 ./Drivers/STM32F3xx_HAL_Driver/Src/stm32f3xx_hal_uart.o

.debug_rnglists
                0x00000000      0x6f1
 .debug_rnglists
                0x00000000       0xf8 ./Core/Src/CyberGear.o
 .debug_rnglists
                0x000000f8       0x52 ./Core/Src/Easy_CAN6.o
 .debug_rnglists
                0x0000014a       0x39 ./Core/Src/main.o
 .debug_rnglists
                0x00000183       0x2d ./Core/Src/stm32f3xx_hal_msp.o
 .debug_rnglists
                0x000001b0       0x43 ./Core/Src/stm32f3xx_it.o
 .debug_rnglists
                0x000001f3       0x1a ./Core/Src/system_stm32f3xx.o
 .debug_rnglists
                0x0000020d       0x19 ./Core/Startup/startup_stm32f303k8tx.o
 .debug_rnglists
                0x00000226       0xa3 ./Drivers/STM32F3xx_HAL_Driver/Src/stm32f3xx_hal.o
 .debug_rnglists
                0x000002c9       0xee ./Drivers/STM32F3xx_HAL_Driver/Src/stm32f3xx_hal_can.o
 .debug_rnglists
                0x000003b7       0xbb ./Drivers/STM32F3xx_HAL_Driver/Src/stm32f3xx_hal_cortex.o
 .debug_rnglists
                0x00000472       0x3f ./Drivers/STM32F3xx_HAL_Driver/Src/stm32f3xx_hal_gpio.o
 .debug_rnglists
                0x000004b1       0x66 ./Drivers/STM32F3xx_HAL_Driver/Src/stm32f3xx_hal_rcc.o
 .debug_rnglists
                0x00000517      0x1da ./Drivers/STM32F3xx_HAL_Driver/Src/stm32f3xx_hal_uart.o

.debug_macro    0x00000000    0x1ad13
 .debug_macro   0x00000000      0x2ed ./Core/Src/CyberGear.o
 .debug_macro   0x000002ed      0xab4 ./Core/Src/CyberGear.o
 .debug_macro   0x00000da1      0x157 ./Core/Src/CyberGear.o
 .debug_macro   0x00000ef8       0x2e ./Core/Src/CyberGear.o
 .debug_macro   0x00000f26       0x28 ./Core/Src/CyberGear.o
 .debug_macro   0x00000f4e       0x22 ./Core/Src/CyberGear.o
 .debug_macro   0x00000f70       0x8e ./Core/Src/CyberGear.o
 .debug_macro   0x00000ffe       0x51 ./Core/Src/CyberGear.o
 .debug_macro   0x0000104f      0x103 ./Core/Src/CyberGear.o
 .debug_macro   0x00001152       0x6a ./Core/Src/CyberGear.o
 .debug_macro   0x000011bc      0x1df ./Core/Src/CyberGear.o
 .debug_macro   0x0000139b       0x1c ./Core/Src/CyberGear.o
 .debug_macro   0x000013b7       0x22 ./Core/Src/CyberGear.o
 .debug_macro   0x000013d9       0xd9 ./Core/Src/CyberGear.o
 .debug_macro   0x000014b2      0xf07 ./Core/Src/CyberGear.o
 .debug_macro   0x000023b9    0x10be0 ./Core/Src/CyberGear.o
 .debug_macro   0x00012f99       0x6d ./Core/Src/CyberGear.o
 .debug_macro   0x00013006     0x3558 ./Core/Src/CyberGear.o
 .debug_macro   0x0001655e      0x189 ./Core/Src/CyberGear.o
 .debug_macro   0x000166e7       0x55 ./Core/Src/CyberGear.o
 .debug_macro   0x0001673c      0x8f8 ./Core/Src/CyberGear.o
 .debug_macro   0x00017034      0x304 ./Core/Src/CyberGear.o
 .debug_macro   0x00017338      0x1b5 ./Core/Src/CyberGear.o
 .debug_macro   0x000174ed      0x11b ./Core/Src/CyberGear.o
 .debug_macro   0x00017608      0x1d5 ./Core/Src/CyberGear.o
 .debug_macro   0x000177dd      0x1bc ./Core/Src/CyberGear.o
 .debug_macro   0x00017999       0x34 ./Core/Src/CyberGear.o
 .debug_macro   0x000179cd       0x3c ./Core/Src/CyberGear.o
 .debug_macro   0x00017a09       0x57 ./Core/Src/CyberGear.o
 .debug_macro   0x00017a60      0x408 ./Core/Src/CyberGear.o
 .debug_macro   0x00017e68       0xc5 ./Core/Src/CyberGear.o
 .debug_macro   0x00017f2d      0x19f ./Core/Src/CyberGear.o
 .debug_macro   0x000180cc      0x22c ./Core/Src/CyberGear.o
 .debug_macro   0x000182f8       0x5b ./Core/Src/CyberGear.o
 .debug_macro   0x00018353       0xa5 ./Core/Src/CyberGear.o
 .debug_macro   0x000183f8       0x81 ./Core/Src/CyberGear.o
 .debug_macro   0x00018479       0xd3 ./Core/Src/CyberGear.o
 .debug_macro   0x0001854c      0x5ba ./Core/Src/CyberGear.o
 .debug_macro   0x00018b06       0x44 ./Core/Src/CyberGear.o
 .debug_macro   0x00018b4a      0x285 ./Core/Src/CyberGear.o
 .debug_macro   0x00018dcf       0x40 ./Core/Src/CyberGear.o
 .debug_macro   0x00018e0f       0x1c ./Core/Src/CyberGear.o
 .debug_macro   0x00018e2b       0x61 ./Core/Src/CyberGear.o
 .debug_macro   0x00018e8c       0x2a ./Core/Src/CyberGear.o
 .debug_macro   0x00018eb6       0x43 ./Core/Src/CyberGear.o
 .debug_macro   0x00018ef9       0x34 ./Core/Src/CyberGear.o
 .debug_macro   0x00018f2d       0x16 ./Core/Src/CyberGear.o
 .debug_macro   0x00018f43       0x43 ./Core/Src/CyberGear.o
 .debug_macro   0x00018f86       0x34 ./Core/Src/CyberGear.o
 .debug_macro   0x00018fba       0x10 ./Core/Src/CyberGear.o
 .debug_macro   0x00018fca       0x58 ./Core/Src/CyberGear.o
 .debug_macro   0x00019022       0x8e ./Core/Src/CyberGear.o
 .debug_macro   0x000190b0       0x1c ./Core/Src/CyberGear.o
 .debug_macro   0x000190cc      0x177 ./Core/Src/CyberGear.o
 .debug_macro   0x00019243      0x369 ./Core/Src/CyberGear.o
 .debug_macro   0x000195ac       0x10 ./Core/Src/CyberGear.o
 .debug_macro   0x000195bc       0x35 ./Core/Src/CyberGear.o
 .debug_macro   0x000195f1       0x20 ./Core/Src/CyberGear.o
 .debug_macro   0x00019611      0x2a2 ./Core/Src/Easy_CAN6.o
 .debug_macro   0x000198b3      0x296 ./Core/Src/main.o
 .debug_macro   0x00019b49      0x19b ./Core/Src/main.o
 .debug_macro   0x00019ce4      0x1ca ./Core/Src/stm32f3xx_hal_msp.o
 .debug_macro   0x00019eae      0x1d4 ./Core/Src/stm32f3xx_it.o
 .debug_macro   0x0001a082      0x1bb ./Core/Src/system_stm32f3xx.o
 .debug_macro   0x0001a23d      0x1df ./Drivers/STM32F3xx_HAL_Driver/Src/stm32f3xx_hal.o
 .debug_macro   0x0001a41c      0x1c3 ./Drivers/STM32F3xx_HAL_Driver/Src/stm32f3xx_hal_can.o
 .debug_macro   0x0001a5df      0x1bb ./Drivers/STM32F3xx_HAL_Driver/Src/stm32f3xx_hal_cortex.o
 .debug_macro   0x0001a79a      0x1c2 ./Drivers/STM32F3xx_HAL_Driver/Src/stm32f3xx_hal_gpio.o
 .debug_macro   0x0001a95c      0x1df ./Drivers/STM32F3xx_HAL_Driver/Src/stm32f3xx_hal_rcc.o
 .debug_macro   0x0001ab3b      0x1d8 ./Drivers/STM32F3xx_HAL_Driver/Src/stm32f3xx_hal_uart.o

.debug_line     0x00000000     0xabb8
 .debug_line    0x00000000      0xec3 ./Core/Src/CyberGear.o
 .debug_line    0x00000ec3      0xa32 ./Core/Src/Easy_CAN6.o
 .debug_line    0x000018f5      0x940 ./Core/Src/main.o
 .debug_line    0x00002235      0x730 ./Core/Src/stm32f3xx_hal_msp.o
 .debug_line    0x00002965      0x758 ./Core/Src/stm32f3xx_it.o
 .debug_line    0x000030bd      0x70f ./Core/Src/system_stm32f3xx.o
 .debug_line    0x000037cc       0x7a ./Core/Startup/startup_stm32f303k8tx.o
 .debug_line    0x00003846      0x947 ./Drivers/STM32F3xx_HAL_Driver/Src/stm32f3xx_hal.o
 .debug_line    0x0000418d     0x1124 ./Drivers/STM32F3xx_HAL_Driver/Src/stm32f3xx_hal_can.o
 .debug_line    0x000052b1      0xb2d ./Drivers/STM32F3xx_HAL_Driver/Src/stm32f3xx_hal_cortex.o
 .debug_line    0x00005dde      0xaaa ./Drivers/STM32F3xx_HAL_Driver/Src/stm32f3xx_hal_gpio.o
 .debug_line    0x00006888     0x131b ./Drivers/STM32F3xx_HAL_Driver/Src/stm32f3xx_hal_rcc.o
 .debug_line    0x00007ba3     0x3015 ./Drivers/STM32F3xx_HAL_Driver/Src/stm32f3xx_hal_uart.o

.debug_str      0x00000000    0x9d60d
 .debug_str     0x00000000    0x9a9d9 ./Core/Src/CyberGear.o
                              0x9acf9 (size before relaxing)
 .debug_str     0x0009a9d9      0x22e ./Core/Src/Easy_CAN6.o
                              0x9a854 (size before relaxing)
 .debug_str     0x0009ac07      0xe43 ./Core/Src/main.o
                              0x9b784 (size before relaxing)
 .debug_str     0x0009ba4a       0xf8 ./Core/Src/stm32f3xx_hal_msp.o
                              0x97871 (size before relaxing)
 .debug_str     0x0009bb42       0xc9 ./Core/Src/stm32f3xx_it.o
                              0x9712c (size before relaxing)
 .debug_str     0x0009bc0b       0xdf ./Core/Src/system_stm32f3xx.o
                              0x970e1 (size before relaxing)
 .debug_str     0x0009bcea       0x44 ./Core/Startup/startup_stm32f303k8tx.o
                                 0x8d (size before relaxing)
 .debug_str     0x0009bd2e      0x5f3 ./Drivers/STM32F3xx_HAL_Driver/Src/stm32f3xx_hal.o
                              0x977d1 (size before relaxing)
 .debug_str     0x0009c321      0x3a8 ./Drivers/STM32F3xx_HAL_Driver/Src/stm32f3xx_hal_can.o
                              0x97868 (size before relaxing)
 .debug_str     0x0009c6c9      0x22a ./Drivers/STM32F3xx_HAL_Driver/Src/stm32f3xx_hal_cortex.o
                              0x976f6 (size before relaxing)
 .debug_str     0x0009c8f3      0x1b2 ./Drivers/STM32F3xx_HAL_Driver/Src/stm32f3xx_hal_gpio.o
                              0x972c0 (size before relaxing)
 .debug_str     0x0009caa5      0x2c3 ./Drivers/STM32F3xx_HAL_Driver/Src/stm32f3xx_hal_rcc.o
                              0x97581 (size before relaxing)
 .debug_str     0x0009cd68      0x8a5 ./Drivers/STM32F3xx_HAL_Driver/Src/stm32f3xx_hal_uart.o
                              0x97e04 (size before relaxing)

.comment        0x00000000       0x43
 .comment       0x00000000       0x43 ./Core/Src/CyberGear.o
                                 0x44 (size before relaxing)
 .comment       0x00000043       0x44 ./Core/Src/Easy_CAN6.o
 .comment       0x00000043       0x44 ./Core/Src/main.o
 .comment       0x00000043       0x44 ./Core/Src/stm32f3xx_hal_msp.o
 .comment       0x00000043       0x44 ./Core/Src/stm32f3xx_it.o
 .comment       0x00000043       0x44 ./Core/Src/system_stm32f3xx.o
 .comment       0x00000043       0x44 ./Drivers/STM32F3xx_HAL_Driver/Src/stm32f3xx_hal.o
 .comment       0x00000043       0x44 ./Drivers/STM32F3xx_HAL_Driver/Src/stm32f3xx_hal_can.o
 .comment       0x00000043       0x44 ./Drivers/STM32F3xx_HAL_Driver/Src/stm32f3xx_hal_cortex.o
 .comment       0x00000043       0x44 ./Drivers/STM32F3xx_HAL_Driver/Src/stm32f3xx_hal_gpio.o
 .comment       0x00000043       0x44 ./Drivers/STM32F3xx_HAL_Driver/Src/stm32f3xx_hal_rcc.o
 .comment       0x00000043       0x44 ./Drivers/STM32F3xx_HAL_Driver/Src/stm32f3xx_hal_uart.o

.debug_frame    0x00000000     0x236c
 .debug_frame   0x00000000      0x3f8 ./Core/Src/CyberGear.o
 .debug_frame   0x000003f8      0x1a0 ./Core/Src/Easy_CAN6.o
 .debug_frame   0x00000598       0xf8 ./Core/Src/main.o
 .debug_frame   0x00000690       0xc8 ./Core/Src/stm32f3xx_hal_msp.o
 .debug_frame   0x00000758      0x104 ./Core/Src/stm32f3xx_it.o
 .debug_frame   0x0000085c       0x58 ./Core/Src/system_stm32f3xx.o
 .debug_frame   0x000008b4      0x334 ./Drivers/STM32F3xx_HAL_Driver/Src/stm32f3xx_hal.o
 .debug_frame   0x00000be8      0x5a0 ./Drivers/STM32F3xx_HAL_Driver/Src/stm32f3xx_hal_can.o
 .debug_frame   0x00001188      0x428 ./Drivers/STM32F3xx_HAL_Driver/Src/stm32f3xx_hal_cortex.o
 .debug_frame   0x000015b0      0x14c ./Drivers/STM32F3xx_HAL_Driver/Src/stm32f3xx_hal_gpio.o
 .debug_frame   0x000016fc      0x214 ./Drivers/STM32F3xx_HAL_Driver/Src/stm32f3xx_hal_rcc.o
 .debug_frame   0x00001910      0x9e8 ./Drivers/STM32F3xx_HAL_Driver/Src/stm32f3xx_hal_uart.o
 .debug_frame   0x000022f8       0x20 /opt/st/stm32cubeide_1.15.0/plugins/com.st.stm32cube.ide.mcu.externaltools.gnu-tools-for-stm32.12.3.rel1.linux64_1.0.100.202403111256/tools/bin/../lib/gcc/arm-none-eabi/12.3.1/../../../../arm-none-eabi/lib/thumb/v7e-m+fp/hard/libc_nano.a(libc_a-memset.o)
 .debug_frame   0x00002318       0x2c /opt/st/stm32cubeide_1.15.0/plugins/com.st.stm32cube.ide.mcu.externaltools.gnu-tools-for-stm32.12.3.rel1.linux64_1.0.100.202403111256/tools/bin/../lib/gcc/arm-none-eabi/12.3.1/../../../../arm-none-eabi/lib/thumb/v7e-m+fp/hard/libc_nano.a(libc_a-init.o)
 .debug_frame   0x00002344       0x28 /opt/st/stm32cubeide_1.15.0/plugins/com.st.stm32cube.ide.mcu.externaltools.gnu-tools-for-stm32.12.3.rel1.linux64_1.0.100.202403111256/tools/bin/../lib/gcc/arm-none-eabi/12.3.1/../../../../arm-none-eabi/lib/thumb/v7e-m+fp/hard/libc_nano.a(libc_a-memcpy-stub.o)

.debug_line_str
                0x00000000       0x71
 .debug_line_str
                0x00000000       0x71 ./Core/Startup/startup_stm32f303k8tx.o
