Archive member included to satisfy reference by file (symbol)

C:/ST/STM32CubeIDE_1.13.1/STM32CubeIDE/plugins/com.st.stm32cube.ide.mcu.externaltools.gnu-tools-for-stm32.12.3.rel1.win32_1.0.100.202403111256/tools/bin/../lib/gcc/arm-none-eabi/12.3.1/../../../../arm-none-eabi/lib/thumb/v7e-m+fp/hard\libc_nano.a(libc_a-exit.o)
                              C:/ST/STM32CubeIDE_1.13.1/STM32CubeIDE/plugins/com.st.stm32cube.ide.mcu.externaltools.gnu-tools-for-stm32.12.3.rel1.win32_1.0.100.202403111256/tools/bin/../lib/gcc/arm-none-eabi/12.3.1/../../../../arm-none-eabi/lib/thumb/v7e-m+fp/hard/crt0.o (exit)
C:/ST/STM32CubeIDE_1.13.1/STM32CubeIDE/plugins/com.st.stm32cube.ide.mcu.externaltools.gnu-tools-for-stm32.12.3.rel1.win32_1.0.100.202403111256/tools/bin/../lib/gcc/arm-none-eabi/12.3.1/../../../../arm-none-eabi/lib/thumb/v7e-m+fp/hard\libc_nano.a(libc_a-findfp.o)
                              C:/ST/STM32CubeIDE_1.13.1/STM32CubeIDE/plugins/com.st.stm32cube.ide.mcu.externaltools.gnu-tools-for-stm32.12.3.rel1.win32_1.0.100.202403111256/tools/bin/../lib/gcc/arm-none-eabi/12.3.1/../../../../arm-none-eabi/lib/thumb/v7e-m+fp/hard\libc_nano.a(libc_a-exit.o) (__stdio_exit_handler)
C:/ST/STM32CubeIDE_1.13.1/STM32CubeIDE/plugins/com.st.stm32cube.ide.mcu.externaltools.gnu-tools-for-stm32.12.3.rel1.win32_1.0.100.202403111256/tools/bin/../lib/gcc/arm-none-eabi/12.3.1/../../../../arm-none-eabi/lib/thumb/v7e-m+fp/hard\libc_nano.a(libc_a-fwalk.o)
                              C:/ST/STM32CubeIDE_1.13.1/STM32CubeIDE/plugins/com.st.stm32cube.ide.mcu.externaltools.gnu-tools-for-stm32.12.3.rel1.win32_1.0.100.202403111256/tools/bin/../lib/gcc/arm-none-eabi/12.3.1/../../../../arm-none-eabi/lib/thumb/v7e-m+fp/hard\libc_nano.a(libc_a-findfp.o) (_fwalk_sglue)
C:/ST/STM32CubeIDE_1.13.1/STM32CubeIDE/plugins/com.st.stm32cube.ide.mcu.externaltools.gnu-tools-for-stm32.12.3.rel1.win32_1.0.100.202403111256/tools/bin/../lib/gcc/arm-none-eabi/12.3.1/../../../../arm-none-eabi/lib/thumb/v7e-m+fp/hard\libc_nano.a(libc_a-stdio.o)
                              C:/ST/STM32CubeIDE_1.13.1/STM32CubeIDE/plugins/com.st.stm32cube.ide.mcu.externaltools.gnu-tools-for-stm32.12.3.rel1.win32_1.0.100.202403111256/tools/bin/../lib/gcc/arm-none-eabi/12.3.1/../../../../arm-none-eabi/lib/thumb/v7e-m+fp/hard\libc_nano.a(libc_a-findfp.o) (__sread)
C:/ST/STM32CubeIDE_1.13.1/STM32CubeIDE/plugins/com.st.stm32cube.ide.mcu.externaltools.gnu-tools-for-stm32.12.3.rel1.win32_1.0.100.202403111256/tools/bin/../lib/gcc/arm-none-eabi/12.3.1/../../../../arm-none-eabi/lib/thumb/v7e-m+fp/hard\libc_nano.a(libc_a-memset.o)
                              C:/ST/STM32CubeIDE_1.13.1/STM32CubeIDE/plugins/com.st.stm32cube.ide.mcu.externaltools.gnu-tools-for-stm32.12.3.rel1.win32_1.0.100.202403111256/tools/bin/../lib/gcc/arm-none-eabi/12.3.1/../../../../arm-none-eabi/lib/thumb/v7e-m+fp/hard/crt0.o (memset)
C:/ST/STM32CubeIDE_1.13.1/STM32CubeIDE/plugins/com.st.stm32cube.ide.mcu.externaltools.gnu-tools-for-stm32.12.3.rel1.win32_1.0.100.202403111256/tools/bin/../lib/gcc/arm-none-eabi/12.3.1/../../../../arm-none-eabi/lib/thumb/v7e-m+fp/hard\libc_nano.a(libc_a-closer.o)
                              C:/ST/STM32CubeIDE_1.13.1/STM32CubeIDE/plugins/com.st.stm32cube.ide.mcu.externaltools.gnu-tools-for-stm32.12.3.rel1.win32_1.0.100.202403111256/tools/bin/../lib/gcc/arm-none-eabi/12.3.1/../../../../arm-none-eabi/lib/thumb/v7e-m+fp/hard\libc_nano.a(libc_a-stdio.o) (_close_r)
C:/ST/STM32CubeIDE_1.13.1/STM32CubeIDE/plugins/com.st.stm32cube.ide.mcu.externaltools.gnu-tools-for-stm32.12.3.rel1.win32_1.0.100.202403111256/tools/bin/../lib/gcc/arm-none-eabi/12.3.1/../../../../arm-none-eabi/lib/thumb/v7e-m+fp/hard\libc_nano.a(libc_a-reent.o)
                              C:/ST/STM32CubeIDE_1.13.1/STM32CubeIDE/plugins/com.st.stm32cube.ide.mcu.externaltools.gnu-tools-for-stm32.12.3.rel1.win32_1.0.100.202403111256/tools/bin/../lib/gcc/arm-none-eabi/12.3.1/../../../../arm-none-eabi/lib/thumb/v7e-m+fp/hard\libc_nano.a(libc_a-closer.o) (errno)
C:/ST/STM32CubeIDE_1.13.1/STM32CubeIDE/plugins/com.st.stm32cube.ide.mcu.externaltools.gnu-tools-for-stm32.12.3.rel1.win32_1.0.100.202403111256/tools/bin/../lib/gcc/arm-none-eabi/12.3.1/../../../../arm-none-eabi/lib/thumb/v7e-m+fp/hard\libc_nano.a(libc_a-impure.o)
                              C:/ST/STM32CubeIDE_1.13.1/STM32CubeIDE/plugins/com.st.stm32cube.ide.mcu.externaltools.gnu-tools-for-stm32.12.3.rel1.win32_1.0.100.202403111256/tools/bin/../lib/gcc/arm-none-eabi/12.3.1/../../../../arm-none-eabi/lib/thumb/v7e-m+fp/hard\libc_nano.a(libc_a-reent.o) (_impure_ptr)
C:/ST/STM32CubeIDE_1.13.1/STM32CubeIDE/plugins/com.st.stm32cube.ide.mcu.externaltools.gnu-tools-for-stm32.12.3.rel1.win32_1.0.100.202403111256/tools/bin/../lib/gcc/arm-none-eabi/12.3.1/../../../../arm-none-eabi/lib/thumb/v7e-m+fp/hard\libc_nano.a(libc_a-lseekr.o)
[...]
Memory Configuration

Name             Origin             Length             Attributes
CCMRAM           0x10000000         0x00001000         xrw
RAM              0x20000000         0x00003000         xrw
FLASH            0x08000000         0x00010000         xr
*default*        0x00000000         0xffffffff

Linker script and memory map

LOAD C:/ST/STM32CubeIDE_1.13.1/STM32CubeIDE/plugins/com.st.stm32cube.ide.mcu.externaltools.gnu-tools-for-stm32.12.3.rel1.win32_1.0.100.202403111256/tools/bin/../lib/gcc/arm-none-eabi/12.3.1/thumb/v7e-m+fp/hard/crti.o
LOAD C:/ST/STM32CubeIDE_1.13.1/STM32CubeIDE/plugins/com.st.stm32cube.ide.mcu.externaltools.gnu-tools-for-stm32.12.3.rel1.win32_1.0.100.202403111256/tools/bin/../lib/gcc/arm-none-eabi/12.3.1/thumb/v7e-m+fp/hard/crtbegin.o
LOAD C:/ST/STM32CubeIDE_1.13.1/STM32CubeIDE/plugins/com.st.stm32cube.ide.mcu.externaltools.gnu-tools-for-stm32.12.3.rel1.win32_1.0.100.202403111256/tools/bin/../lib/gcc/arm-none-eabi/12.3.1/../../../../arm-none-eabi/lib/thumb/v7e-m+fp/hard/crt0.o
LOAD ./Core/Src/CyberGear.o
LOAD ./Core/Src/Easy_CAN6.o
LOAD ./Core/Src/main.o
LOAD ./Core/Src/stm32f3xx_hal_msp.o
LOAD ./Core/Src/stm32f3xx_it.o
LOAD ./Core/Src/syscalls.o
LOAD ./Core/Src/sysmem.o
LOAD ./Core/Src/system_stm32f3xx.o
LOAD ./Core/Startup/startup_stm32f303k8tx.o
LOAD ./Drivers/STM32F3xx_HAL_Driver/Src/stm32f3xx_hal.o
LOAD ./Drivers/STM32F3xx_HAL_Driver/Src/stm32f3xx_hal_can.o
LOAD ./Drivers/STM32F3xx_HAL_Driver/Src/stm32f3xx_hal_cortex.o
LOAD ./Drivers/STM32F3xx_HAL_Driver/Src/stm32f3xx_hal_dma.o
LOAD ./Drivers/STM32F3xx_HAL_Driver/Src/stm32f3xx_hal_exti.o
LOAD ./Drivers/STM32F3xx_HAL_Driver/Src/stm32f3xx_hal_flash.o
LOAD ./Drivers/STM32F3xx_HAL_Driver/Src/stm32f3xx_hal_flash_ex.o
LOAD ./Drivers/STM32F3xx_HAL_Driver/Src/stm32f3xx_hal_gpio.o
LOAD ./Drivers/STM32F3xx_HAL_Driver/Src/stm32f3xx_hal_i2c.o
LOAD ./Drivers/STM32F3xx_HAL_Driver/Src/stm32f3xx_hal_i2c_ex.o
LOAD ./Drivers/STM32F3xx_HAL_Driver/Src/stm32f3xx_hal_pwr.o
LOAD ./Drivers/STM32F3xx_HAL_Driver/Src/stm32f3xx_hal_pwr_ex.o
LOAD ./Drivers/STM32F3xx_HAL_Driver/Src/stm32f3xx_hal_rcc.o
LOAD ./Drivers/STM32F3xx_HAL_Driver/Src/stm32f3xx_hal_rcc_ex.o
LOAD ./Drivers/STM32F3xx_HAL_Driver/Src/stm32f3xx_hal_tim.o
LOAD ./Drivers/STM32F3xx_HAL_Driver/Src/stm32f3xx_hal_tim_ex.o
LOAD ./Drivers/STM32F3xx_HAL_Driver/Src/stm32f3xx_hal_uart.o
LOAD ./Drivers/STM32F3xx_HAL_Driver/Src/stm32f3xx_hal_uart_ex.o
START GROUP
LOAD C:/ST/STM32CubeIDE_1.13.1/STM32CubeIDE/plugins/com.st.stm32cube.ide.mcu.externaltools.gnu-tools-for-stm32.12.3.rel1.win32_1.0.100.202403111256/tools/bin/../lib/gcc/arm-none-eabi/12.3.1/../../../../arm-none-eabi/lib/thumb/v7e-m+fp/hard\libc_nano.a
LOAD C:/ST/STM32CubeIDE_1.13.1/STM32CubeIDE/plugins/com.st.stm32cube.ide.mcu.externaltools.gnu-tools-for-stm32.12.3.rel1.win32_1.0.100.202403111256/tools/bin/../lib/gcc/arm-none-eabi/12.3.1/../../../../arm-none-eabi/lib/thumb/v7e-m+fp/hard\libm.a
END GROUP
START GROUP
LOAD C:/ST/STM32CubeIDE_1.13.1/STM32CubeIDE/plugins/com.st.stm32cube.ide.mcu.externaltools.gnu-tools-for-stm32.12.3.rel1.win32_1.0.100.202403111256/tools/bin/../lib/gcc/arm-none-eabi/12.3.1/thumb/v7e-m+fp/hard\libgcc.a
LOAD C:/ST/STM32CubeIDE_1.13.1/STM32CubeIDE/plugins/com.st.stm32cube.ide.mcu.externaltools.gnu-tools-for-stm32.12.3.rel1.win32_1.0.100.202403111256/tools/bin/../lib/gcc/arm-none-eabi/12.3.1/../../../../arm-none-eabi/lib/thumb/v7e-m+fp/hard\libc_nano.a
END GROUP
START GROUP
LOAD C:/ST/STM32CubeIDE_1.13.1/STM32CubeIDE/plugins/com.st.stm32cube.ide.mcu.externaltools.gnu-tools-for-stm32.12.3.rel1.win32_1.0.100.202403111256/tools/bin/../lib/gcc/arm-none-eabi/12.3.1/thumb/v7e-m+fp/hard\libgcc.a
LOAD C:/ST/STM32CubeIDE_1.13.1/STM32CubeIDE/plugins/com.st.stm32cube.ide.mcu.externaltools.gnu-tools-for-stm32.12.3.rel1.win32_1.0.100.202403111256/tools/bin/../lib/gcc/arm-none-eabi/12.3.1/../../../../arm-none-eabi/lib/thumb/v7e-m+fp/hard\libc_nano.a
LOAD C:/ST/STM32CubeIDE_1.13.1/STM32CubeIDE/plugins/com.st.stm32cube.ide.mcu.externaltools.gnu-tools-for-stm32.12.3.rel1.win32_1.0.100.202403111256/tools/bin/../lib/gcc/arm-none-eabi/12.3.1/../../../../arm-none-eabi/lib/thumb/v7e-m+fp/hard\libnosys.a
END GROUP
START GROUP
LOAD C:/ST/STM32CubeIDE_1.13.1/STM32CubeIDE/plugins/com.st.stm32cube.ide.mcu.externaltools.gnu-tools-for-stm32.12.3.rel1.win32_1.0.100.202403111256/tools/bin/../lib/gcc/arm-none-eabi/12.3.1/thumb/v7e-m+fp/hard\libgcc.a
LOAD C:/ST/STM32CubeIDE_1.13.1/STM32CubeIDE/plugins/com.st.stm32cube.ide.mcu.externaltools.gnu-tools-for-stm32.12.3.rel1.win32_1.0.100.202403111256/tools/bin/../lib/gcc/arm-none-eabi/12.3.1/../../../../arm-none-eabi/lib/thumb/v7e-m+fp/hard\libc_nano.a
LOAD C:/ST/STM32CubeIDE_1.13.1/STM32CubeIDE/plugins/com.st.stm32cube.ide.mcu.externaltools.gnu-tools-for-stm32.12.3.rel1.win32_1.0.100.202403111256/tools/bin/../lib/gcc/arm-none-eabi/12.3.1/../../../../arm-none-eabi/lib/thumb/v7e-m+fp/hard\libnosys.a
END GROUP
LOAD C:/ST/STM32CubeIDE_1.13.1/STM32CubeIDE/plugins/com.st.stm32cube.ide.mcu.externaltools.gnu-tools-for-stm32.12.3.rel1.win32_1.0.100.202403111256/tools/bin/../lib/gcc/arm-none-eabi/12.3.1/thumb/v7e-m+fp/hard/crtend.o
LOAD C:/ST/STM32CubeIDE_1.13.1/STM32CubeIDE/plugins/com.st.stm32cube.ide.mcu.externaltools.gnu-tools-for-stm32.12.3.rel1.win32_1.0.100.202403111256/tools/bin/../lib/gcc/arm-none-eabi/12.3.1/thumb/v7e-m+fp/hard/crtn.o
                0x20003000                        _estack = (ORIGIN (RAM) + LENGTH (RAM))
                0x00000200                        _Min_Heap_Size = 0x200
                0x00000400                        _Min_Stack_Size = 0x400

.isr_vector     0x08000000      0x188
                0x08000000                        . = ALIGN (0x4)
 *(.isr_vector)
 .isr_vector    0x08000000      0x188 ./Core/Startup/startup_stm32f303k8tx.o
                0x08000000                g_pfnVectors
                0x08000188                        . = ALIGN (0x4)

.text           0x08000188     0x4608
                0x08000188                        . = ALIGN (0x4)
 *(.text)
 .text          0x08000188       0x40 C:/ST/STM32CubeIDE_1.13.1/STM32CubeIDE/plugins/com.st.stm32cube.ide.mcu.externaltools.gnu-tools-for-stm32.12.3.rel1.win32_1.0.100.202403111256/tools/bin/../lib/gcc/arm-none-eabi/12.3.1/thumb/v7e-m+fp/hard/crtbegin.o
 *(.text*)
 .text.make_float_writedata
                0x080001c8       0x54 ./Core/Src/CyberGear.o
 .text.CyberGear_SendCANData
                0x0800021c       0x9a ./Core/Src/CyberGear.o
                0x0800021c                CyberGear_SendCANData
 .text.CyberGear_Init
                0x080002b6       0x3c ./Core/Src/CyberGear.o
                0x080002b6                CyberGear_Init
 .text.CyberGear_SetConfig
                0x080002f2       0x3a ./Core/Src/CyberGear.o
                0x080002f2                CyberGear_SetConfig
 .text.CyberGear_SetMode
                0x0800032c       0x2c ./Core/Src/CyberGear.o
                0x0800032c                CyberGear_SetMode
 .text.CyberGear_SpeedLimit
                0x08000358       0x48 ./Core/Src/CyberGear.o
                0x08000358                CyberGear_SpeedLimit
 .text.CyberGear_TorqueLimit
                0x080003a0       0x48 ./Core/Src/CyberGear.o
                0x080003a0                CyberGear_TorqueLimit
 .text.CyberGear_CurrentLimit
                0x080003e8       0x48 ./Core/Src/CyberGear.o
                0x080003e8                CyberGear_CurrentLimit
 .text.CyberGear_ControlSpeed
                0x08000430       0x42 ./Core/Src/CyberGear.o
                0x08000430                CyberGear_ControlSpeed
 .text.CyberGear_EnableMotor
                0x08000472       0x3e ./Core/Src/CyberGear.o
                0x08000472                CyberGear_EnableMotor
 .text.CyberGear_ResetMotor
                0x080004b0       0x3e ./Core/Src/CyberGear.o
                0x080004b0                CyberGear_ResetMotor
 .text.CyberGear_WriteIndexParam
                0x080004ee       0x68 ./Core/Src/CyberGear.o
                0x080004ee                CyberGear_WriteIndexParam
 .text.Easy_CAN6_Start
                0x08000556       0xaa ./Core/Src/Easy_CAN6.o
                0x08000556                Easy_CAN6_Start
 .text.Easy_CAN6_BlockingTransmit_Ext
                0x08000600       0x62 ./Core/Src/Easy_CAN6.o
                0x08000600                Easy_CAN6_BlockingTransmit_Ext
 *fill*         0x08000662        0x2 
 .text.HAL_UART_TxCpltCallback
                0x08000664       0x20 ./Core/Src/main.o
                0x08000664                HAL_UART_TxCpltCallback
 .text.main     0x08000684      0x1a8 ./Core/Src/main.o
                0x08000684                main
 .text.SystemClock_Config
                0x0800082c       0x82 ./Core/Src/main.o
                0x0800082c                SystemClock_Config
 *fill*         0x080008ae        0x2 
 .text.MX_CAN_Init
                0x080008b0       0x6c ./Core/Src/main.o
 .text.MX_USART2_UART_Init
                0x0800091c       0x60 ./Core/Src/main.o
 .text.MX_DMA_Init
                0x0800097c       0x4c ./Core/Src/main.o
 .text.MX_GPIO_Init
                0x080009c8       0x94 ./Core/Src/main.o
 .text.Error_Handler
                0x08000a5c        0xc ./Core/Src/main.o
                0x08000a5c                Error_Handler
 .text.HAL_MspInit
                0x08000a68       0x48 ./Core/Src/stm32f3xx_hal_msp.o
                0x08000a68                HAL_MspInit
 .text.HAL_CAN_MspInit
                0x08000ab0       0x88 ./Core/Src/stm32f3xx_hal_msp.o
                0x08000ab0                HAL_CAN_MspInit
 .text.HAL_UART_MspInit
                0x08000b38      0x140 ./Core/Src/stm32f3xx_hal_msp.o
                0x08000b38                HAL_UART_MspInit
 .text.NMI_Handler
                0x08000c78        0x8 ./Core/Src/stm32f3xx_it.o
                0x08000c78                NMI_Handler
 .text.HardFault_Handler
                0x08000c80        0x8 ./Core/Src/stm32f3xx_it.o
                0x08000c80                HardFault_Handler
 .text.MemManage_Handler
                0x08000c88        0x8 ./Core/Src/stm32f3xx_it.o
                0x08000c88                MemManage_Handler
 .text.BusFault_Handler
                0x08000c90        0x8 ./Core/Src/stm32f3xx_it.o
                0x08000c90                BusFault_Handler
 .text.UsageFault_Handler
                0x08000c98        0x8 ./Core/Src/stm32f3xx_it.o
                0x08000c98                UsageFault_Handler
 .text.SVC_Handler
                0x08000ca0        0xe ./Core/Src/stm32f3xx_it.o
                0x08000ca0                SVC_Handler
 .text.DebugMon_Handler
                0x08000cae        0xe ./Core/Src/stm32f3xx_it.o
                0x08000cae                DebugMon_Handler
 .text.PendSV_Handler
                0x08000cbc        0xe ./Core/Src/stm32f3xx_it.o
                0x08000cbc                PendSV_Handler
 .text.SysTick_Handler
                0x08000cca        0xc ./Core/Src/stm32f3xx_it.o
                0x08000cca                SysTick_Handler
 *fill*         0x08000cd6        0x2 
 .text.DMA1_Channel6_IRQHandler
                0x08000cd8       0x14 ./Core/Src/stm32f3xx_it.o
                0x08000cd8                DMA1_Channel6_IRQHandler
 .text.DMA1_Channel7_IRQHandler
                0x08000cec       0x14 ./Core/Src/stm32f3xx_it.o
                0x08000cec                DMA1_Channel7_IRQHandler
 .text.USART2_IRQHandler
                0x08000d00       0x14 ./Core/Src/stm32f3xx_it.o
                0x08000d00                USART2_IRQHandler
 .text.SystemInit
                0x08000d14       0x24 ./Core/Src/system_stm32f3xx.o
                0x08000d14                SystemInit
 .text.Reset_Handler
                0x08000d38       0x50 ./Core/Startup/startup_stm32f303k8tx.o
                0x08000d38                Reset_Handler
 .text.Default_Handler
                0x08000d88        0x2 ./Core/Startup/startup_stm32f303k8tx.o
                0x08000d88                RTC_Alarm_IRQHandler
                0x08000d88                TIM1_CC_IRQHandler
                0x08000d88                PVD_IRQHandler
                0x08000d88                TAMP_STAMP_IRQHandler
                0x08000d88                EXTI3_IRQHandler
                0x08000d88                EXTI0_IRQHandler
                0x08000d88                FPU_IRQHandler
                0x08000d88                CAN_TX_IRQHandler
                0x08000d88                TIM1_UP_TIM16_IRQHandler
                0x08000d88                ADC1_2_IRQHandler
                0x08000d88                SPI1_IRQHandler
                0x08000d88                CAN_SCE_IRQHandler
                0x08000d88                DMA1_Channel4_IRQHandler
                0x08000d88                USART3_IRQHandler
                0x08000d88                TIM7_DAC2_IRQHandler
                0x08000d88                CAN_RX1_IRQHandler
                0x08000d88                I2C1_EV_IRQHandler
                0x08000d88                TIM3_IRQHandler
                0x08000d88                RCC_IRQHandler
                0x08000d88                DMA1_Channel1_IRQHandler
                0x08000d88                Default_Handler
                0x08000d88                EXTI15_10_IRQHandler
                0x08000d88                COMP2_IRQHandler
                0x08000d88                TIM6_DAC1_IRQHandler
                0x08000d88                EXTI9_5_IRQHandler
                0x08000d88                RTC_WKUP_IRQHandler
                0x08000d88                DMA1_Channel5_IRQHandler
                0x08000d88                EXTI4_IRQHandler
                0x08000d88                TIM1_TRG_COM_TIM17_IRQHandler
                0x08000d88                DMA1_Channel3_IRQHandler
                0x08000d88                WWDG_IRQHandler
                0x08000d88                TIM2_IRQHandler
                0x08000d88                EXTI1_IRQHandler
                0x08000d88                COMP4_6_IRQHandler
                0x08000d88                DMA1_Channel2_IRQHandler
                0x08000d88                FLASH_IRQHandler
                0x08000d88                USART1_IRQHandler
                0x08000d88                CAN_RX0_IRQHandler
                0x08000d88                I2C1_ER_IRQHandler
                0x08000d88                EXTI2_TSC_IRQHandler
                0x08000d88                TIM1_BRK_TIM15_IRQHandler
 *fill*         0x08000d8a        0x2 
 .text.HAL_Init
                0x08000d8c       0x2c ./Drivers/STM32F3xx_HAL_Driver/Src/stm32f3xx_hal.o
                0x08000d8c                HAL_Init
 .text.HAL_InitTick
                0x08000db8       0x60 ./Drivers/STM32F3xx_HAL_Driver/Src/stm32f3xx_hal.o
                0x08000db8                HAL_InitTick
 .text.HAL_IncTick
                0x08000e18       0x28 ./Drivers/STM32F3xx_HAL_Driver/Src/stm32f3xx_hal.o
                0x08000e18                HAL_IncTick
 .text.HAL_GetTick
                0x08000e40       0x18 ./Drivers/STM32F3xx_HAL_Driver/Src/stm32f3xx_hal.o
                0x08000e40                HAL_GetTick
 .text.HAL_Delay
                0x08000e58       0x48 ./Drivers/STM32F3xx_HAL_Driver/Src/stm32f3xx_hal.o
                0x08000e58                HAL_Delay
 .text.HAL_CAN_Init
                0x08000ea0      0x1f6 ./Drivers/STM32F3xx_HAL_Driver/Src/stm32f3xx_hal_can.o
                0x08000ea0                HAL_CAN_Init
 .text.HAL_CAN_ConfigFilter
                0x08001096      0x194 ./Drivers/STM32F3xx_HAL_Driver/Src/stm32f3xx_hal_can.o
                0x08001096                HAL_CAN_ConfigFilter
 .text.HAL_CAN_Start
                0x0800122a       0x88 ./Drivers/STM32F3xx_HAL_Driver/Src/stm32f3xx_hal_can.o
                0x0800122a                HAL_CAN_Start
 .text.HAL_CAN_AddTxMessage
                0x080012b2      0x1a0 ./Drivers/STM32F3xx_HAL_Driver/Src/stm32f3xx_hal_can.o
                0x080012b2                HAL_CAN_AddTxMessage
 .text.HAL_CAN_GetTxMailboxesFreeLevel
                0x08001452       0x6a ./Drivers/STM32F3xx_HAL_Driver/Src/stm32f3xx_hal_can.o
                0x08001452                HAL_CAN_GetTxMailboxesFreeLevel
 .text.HAL_CAN_ActivateNotification
                0x080014bc       0x4c ./Drivers/STM32F3xx_HAL_Driver/Src/stm32f3xx_hal_can.o
                0x080014bc                HAL_CAN_ActivateNotification
 .text.__NVIC_SetPriorityGrouping
                0x08001508       0x48 ./Drivers/STM32F3xx_HAL_Driver/Src/stm32f3xx_hal_cortex.o
 .text.__NVIC_GetPriorityGrouping
                0x08001550       0x1c ./Drivers/STM32F3xx_HAL_Driver/Src/stm32f3xx_hal_cortex.o
 .text.__NVIC_EnableIRQ
                0x0800156c       0x3c ./Drivers/STM32F3xx_HAL_Driver/Src/stm32f3xx_hal_cortex.o
 .text.__NVIC_SetPriority
                0x080015a8       0x54 ./Drivers/STM32F3xx_HAL_Driver/Src/stm32f3xx_hal_cortex.o
 .text.NVIC_EncodePriority
                0x080015fc       0x66 ./Drivers/STM32F3xx_HAL_Driver/Src/stm32f3xx_hal_cortex.o
 *fill*         0x08001662        0x2 
 .text.__NVIC_SystemReset
                0x08001664       0x2c ./Drivers/STM32F3xx_HAL_Driver/Src/stm32f3xx_hal_cortex.o
 .text.SysTick_Config
                0x08001690       0x44 ./Drivers/STM32F3xx_HAL_Driver/Src/stm32f3xx_hal_cortex.o
 .text.HAL_NVIC_SetPriorityGrouping
                0x080016d4       0x16 ./Drivers/STM32F3xx_HAL_Driver/Src/stm32f3xx_hal_cortex.o
                0x080016d4                HAL_NVIC_SetPriorityGrouping
 .text.HAL_NVIC_SetPriority
                0x080016ea       0x38 ./Drivers/STM32F3xx_HAL_Driver/Src/stm32f3xx_hal_cortex.o
                0x080016ea                HAL_NVIC_SetPriority
 .text.HAL_NVIC_EnableIRQ
                0x08001722       0x1c ./Drivers/STM32F3xx_HAL_Driver/Src/stm32f3xx_hal_cortex.o
                0x08001722                HAL_NVIC_EnableIRQ
 .text.HAL_NVIC_SystemReset
                0x0800173e        0x8 ./Drivers/STM32F3xx_HAL_Driver/Src/stm32f3xx_hal_cortex.o
                0x0800173e                HAL_NVIC_SystemReset
 .text.HAL_SYSTICK_Config
                0x08001746       0x18 ./Drivers/STM32F3xx_HAL_Driver/Src/stm32f3xx_hal_cortex.o
                0x08001746                HAL_SYSTICK_Config
 .text.HAL_DMA_Init
                0x0800175e       0x8e ./Drivers/STM32F3xx_HAL_Driver/Src/stm32f3xx_hal_dma.o
                0x0800175e                HAL_DMA_Init
 .text.HAL_DMA_Start_IT
                0x080017ec       0xbe ./Drivers/STM32F3xx_HAL_Driver/Src/stm32f3xx_hal_dma.o
                0x080017ec                HAL_DMA_Start_IT
 .text.HAL_DMA_Abort
                0x080018aa       0x72 ./Drivers/STM32F3xx_HAL_Driver/Src/stm32f3xx_hal_dma.o
                0x080018aa                HAL_DMA_Abort
 .text.HAL_DMA_Abort_IT
                0x0800191c       0x7c ./Drivers/STM32F3xx_HAL_Driver/Src/stm32f3xx_hal_dma.o
                0x0800191c                HAL_DMA_Abort_IT
 .text.HAL_DMA_IRQHandler
                0x08001998      0x146 ./Drivers/STM32F3xx_HAL_Driver/Src/stm32f3xx_hal_dma.o
                0x08001998                HAL_DMA_IRQHandler
 .text.DMA_SetConfig
                0x08001ade       0x5c ./Drivers/STM32F3xx_HAL_Driver/Src/stm32f3xx_hal_dma.o
 *fill*         0x08001b3a        0x2 
 .text.DMA_CalcBaseAndBitshift
                0x08001b3c       0x40 ./Drivers/STM32F3xx_HAL_Driver/Src/stm32f3xx_hal_dma.o
 .text.HAL_GPIO_Init
                0x08001b7c      0x2e4 ./Drivers/STM32F3xx_HAL_Driver/Src/stm32f3xx_hal_gpio.o
                0x08001b7c                HAL_GPIO_Init
 .text.HAL_GPIO_WritePin
                0x08001e60       0x30 ./Drivers/STM32F3xx_HAL_Driver/Src/stm32f3xx_hal_gpio.o
                0x08001e60                HAL_GPIO_WritePin
 .text.HAL_RCC_OscConfig
                0x08001e90     0x107c ./Drivers/STM32F3xx_HAL_Driver/Src/stm32f3xx_hal_rcc.o
                0x08001e90                HAL_RCC_OscConfig
 .text.HAL_RCC_ClockConfig
                0x08002f0c      0x2f8 ./Drivers/STM32F3xx_HAL_Driver/Src/stm32f3xx_hal_rcc.o
                0x08002f0c                HAL_RCC_ClockConfig
 .text.HAL_RCC_GetSysClockFreq
                0x08003204       0xd4 ./Drivers/STM32F3xx_HAL_Driver/Src/stm32f3xx_hal_rcc.o
                0x08003204                HAL_RCC_GetSysClockFreq
 .text.HAL_RCC_GetHCLKFreq
                0x080032d8       0x18 ./Drivers/STM32F3xx_HAL_Driver/Src/stm32f3xx_hal_rcc.o
                0x080032d8                HAL_RCC_GetHCLKFreq
 .text.HAL_RCC_GetPCLK1Freq
                0x080032f0       0x44 ./Drivers/STM32F3xx_HAL_Driver/Src/stm32f3xx_hal_rcc.o
                0x080032f0                HAL_RCC_GetPCLK1Freq
 .text.HAL_RCC_GetPCLK2Freq
                0x08003334       0x44 ./Drivers/STM32F3xx_HAL_Driver/Src/stm32f3xx_hal_rcc.o
                0x08003334                HAL_RCC_GetPCLK2Freq
 .text.HAL_UART_Init
                0x08003378       0x9c ./Drivers/STM32F3xx_HAL_Driver/Src/stm32f3xx_hal_uart.o
                0x08003378                HAL_UART_Init
 .text.HAL_UART_Transmit
                0x08003414      0x112 ./Drivers/STM32F3xx_HAL_Driver/Src/stm32f3xx_hal_uart.o
                0x08003414                HAL_UART_Transmit
 *fill*         0x08003526        0x2 
 .text.HAL_UART_Transmit_IT
                0x08003528       0xbc ./Drivers/STM32F3xx_HAL_Driver/Src/stm32f3xx_hal_uart.o
                0x08003528                HAL_UART_Transmit_IT
 .text.HAL_UART_Transmit_DMA
                0x080035e4       0xf8 ./Drivers/STM32F3xx_HAL_Driver/Src/stm32f3xx_hal_uart.o
                0x080035e4                HAL_UART_Transmit_DMA
 .text.HAL_UART_IRQHandler
                0x080036dc      0x5cc ./Drivers/STM32F3xx_HAL_Driver/Src/stm32f3xx_hal_uart.o
                0x080036dc                HAL_UART_IRQHandler
 .text.HAL_UART_TxHalfCpltCallback
                0x08003ca8       0x14 ./Drivers/STM32F3xx_HAL_Driver/Src/stm32f3xx_hal_uart.o
                0x08003ca8                HAL_UART_TxHalfCpltCallback
 .text.HAL_UART_ErrorCallback
                0x08003cbc       0x14 ./Drivers/STM32F3xx_HAL_Driver/Src/stm32f3xx_hal_uart.o
                0x08003cbc                HAL_UART_ErrorCallback
 .text.HAL_UARTEx_RxEventCallback
                0x08003cd0       0x18 ./Drivers/STM32F3xx_HAL_Driver/Src/stm32f3xx_hal_uart.o
                0x08003cd0                HAL_UARTEx_RxEventCallback
 .text.UART_SetConfig
                0x08003ce8      0x26c ./Drivers/STM32F3xx_HAL_Driver/Src/stm32f3xx_hal_uart.o
                0x08003ce8                UART_SetConfig
 .text.UART_AdvFeatureConfig
                0x08003f54      0x144 ./Drivers/STM32F3xx_HAL_Driver/Src/stm32f3xx_hal_uart.o
                0x08003f54                UART_AdvFeatureConfig
 .text.UART_CheckIdleState
                0x08004098      0x150 ./Drivers/STM32F3xx_HAL_Driver/Src/stm32f3xx_hal_uart.o
                0x08004098                UART_CheckIdleState
 .text.UART_WaitOnFlagUntilTimeout
                0x080041e8       0xce ./Drivers/STM32F3xx_HAL_Driver/Src/stm32f3xx_hal_uart.o
                0x080041e8                UART_WaitOnFlagUntilTimeout
 .text.UART_EndTxTransfer
                0x080042b6       0x4c ./Drivers/STM32F3xx_HAL_Driver/Src/stm32f3xx_hal_uart.o
 .text.UART_EndRxTransfer
                0x08004302       0xc8 ./Drivers/STM32F3xx_HAL_Driver/Src/stm32f3xx_hal_uart.o
 .text.UART_DMATransmitCplt
                0x080043ca       0x94 ./Drivers/STM32F3xx_HAL_Driver/Src/stm32f3xx_hal_uart.o
 .text.UART_DMATxHalfCplt
                0x0800445e       0x1c ./Drivers/STM32F3xx_HAL_Driver/Src/stm32f3xx_hal_uart.o
 .text.UART_DMAError
                0x0800447a       0x7e ./Drivers/STM32F3xx_HAL_Driver/Src/stm32f3xx_hal_uart.o
 .text.UART_DMAAbortOnError
                0x080044f8       0x2c ./Drivers/STM32F3xx_HAL_Driver/Src/stm32f3xx_hal_uart.o
 .text.UART_TxISR_8BIT
                0x08004524       0xb6 ./Drivers/STM32F3xx_HAL_Driver/Src/stm32f3xx_hal_uart.o
 .text.UART_TxISR_16BIT
                0x080045da       0xc0 ./Drivers/STM32F3xx_HAL_Driver/Src/stm32f3xx_hal_uart.o
 .text.UART_EndTransmit_IT
                0x0800469a       0x54 ./Drivers/STM32F3xx_HAL_Driver/Src/stm32f3xx_hal_uart.o
 .text.HAL_UARTEx_WakeupCallback
                0x080046ee       0x14 ./Drivers/STM32F3xx_HAL_Driver/Src/stm32f3xx_hal_uart_ex.o
                0x080046ee                HAL_UARTEx_WakeupCallback
 .text.memset   0x08004702       0x10 C:/ST/STM32CubeIDE_1.13.1/STM32CubeIDE/plugins/com.st.stm32cube.ide.mcu.externaltools.gnu-tools-for-stm32.12.3.rel1.win32_1.0.100.202403111256/tools/bin/../lib/gcc/arm-none-eabi/12.3.1/../../../../arm-none-eabi/lib/thumb/v7e-m+fp/hard\libc_nano.a(libc_a-memset.o)
                0x08004702                memset
 *fill*         0x08004712        0x2 
 .text.__libc_init_array
                0x08004714       0x48 C:/ST/STM32CubeIDE_1.13.1/STM32CubeIDE/plugins/com.st.stm32cube.ide.mcu.externaltools.gnu-tools-for-stm32.12.3.rel1.win32_1.0.100.202403111256/tools/bin/../lib/gcc/arm-none-eabi/12.3.1/../../../../arm-none-eabi/lib/thumb/v7e-m+fp/hard\libc_nano.a(libc_a-init.o)
                0x08004714                __libc_init_array
 .text.memcpy   0x0800475c       0x1c C:/ST/STM32CubeIDE_1.13.1/STM32CubeIDE/plugins/com.st.stm32cube.ide.mcu.externaltools.gnu-tools-for-stm32.12.3.rel1.win32_1.0.100.202403111256/tools/bin/../lib/gcc/arm-none-eabi/12.3.1/../../../../arm-none-eabi/lib/thumb/v7e-m+fp/hard\libc_nano.a(libc_a-memcpy-stub.o)
                0x0800475c                memcpy
 *(.glue_7)
 .glue_7        0x08004778        0x0 linker stubs
 *(.glue_7t)
 .glue_7t       0x08004778        0x0 linker stubs
 *(.eh_frame)
 .eh_frame      0x08004778        0x0 C:/ST/STM32CubeIDE_1.13.1/STM32CubeIDE/plugins/com.st.stm32cube.ide.mcu.externaltools.gnu-tools-for-stm32.12.3.rel1.win32_1.0.100.202403111256/tools/bin/../lib/gcc/arm-none-eabi/12.3.1/thumb/v7e-m+fp/hard/crtbegin.o
 *(.init)
 .init          0x08004778        0x4 C:/ST/STM32CubeIDE_1.13.1/STM32CubeIDE/plugins/com.st.stm32cube.ide.mcu.externaltools.gnu-tools-for-stm32.12.3.rel1.win32_1.0.100.202403111256/tools/bin/../lib/gcc/arm-none-eabi/12.3.1/thumb/v7e-m+fp/hard/crti.o
                0x08004778                _init
 .init          0x0800477c        0x8 C:/ST/STM32CubeIDE_1.13.1/STM32CubeIDE/plugins/com.st.stm32cube.ide.mcu.externaltools.gnu-tools-for-stm32.12.3.rel1.win32_1.0.100.202403111256/tools/bin/../lib/gcc/arm-none-eabi/12.3.1/thumb/v7e-m+fp/hard/crtn.o
 *(.fini)
 .fini          0x08004784        0x4 C:/ST/STM32CubeIDE_1.13.1/STM32CubeIDE/plugins/com.st.stm32cube.ide.mcu.externaltools.gnu-tools-for-stm32.12.3.rel1.win32_1.0.100.202403111256/tools/bin/../lib/gcc/arm-none-eabi/12.3.1/thumb/v7e-m+fp/hard/crti.o
                0x08004784                _fini
 .fini          0x08004788        0x8 C:/ST/STM32CubeIDE_1.13.1/STM32CubeIDE/plugins/com.st.stm32cube.ide.mcu.externaltools.gnu-tools-for-stm32.12.3.rel1.win32_1.0.100.202403111256/tools/bin/../lib/gcc/arm-none-eabi/12.3.1/thumb/v7e-m+fp/hard/crtn.o
                0x08004790                        . = ALIGN (0x4)
                0x08004790                        _etext = .

.vfp11_veneer   0x08004790        0x0
 .vfp11_veneer  0x08004790        0x0 linker stubs

.v4_bx          0x08004790        0x0
 .v4_bx         0x08004790        0x0 linker stubs

.iplt           0x08004790        0x0
 .iplt          0x08004790        0x0 C:/ST/STM32CubeIDE_1.13.1/STM32CubeIDE/plugins/com.st.stm32cube.ide.mcu.externaltools.gnu-tools-for-stm32.12.3.rel1.win32_1.0.100.202403111256/tools/bin/../lib/gcc/arm-none-eabi/12.3.1/thumb/v7e-m+fp/hard/crtbegin.o

.rodata         0x08004790       0x7c
                0x08004790                        . = ALIGN (0x4)
 *(.rodata)
 .rodata        0x08004790       0x42 ./Core/Src/main.o
 *(.rodata*)
 *fill*         0x080047d2        0x2 
 .rodata.AHBPrescTable
                0x080047d4       0x10 ./Core/Src/system_stm32f3xx.o
                0x080047d4                AHBPrescTable
 .rodata.APBPrescTable
                0x080047e4        0x8 ./Core/Src/system_stm32f3xx.o
                0x080047e4                APBPrescTable
 .rodata.aPLLMULFactorTable
                0x080047ec       0x10 ./Drivers/STM32F3xx_HAL_Driver/Src/stm32f3xx_hal_rcc.o
 .rodata.aPredivFactorTable
                0x080047fc       0x10 ./Drivers/STM32F3xx_HAL_Driver/Src/stm32f3xx_hal_rcc.o
                0x0800480c                        . = ALIGN (0x4)

.rel.dyn        0x0800480c        0x0
 .rel.iplt      0x0800480c        0x0 C:/ST/STM32CubeIDE_1.13.1/STM32CubeIDE/plugins/com.st.stm32cube.ide.mcu.externaltools.gnu-tools-for-stm32.12.3.rel1.win32_1.0.100.202403111256/tools/bin/../lib/gcc/arm-none-eabi/12.3.1/thumb/v7e-m+fp/hard/crtbegin.o

.ARM.extab      0x0800480c        0x0
                0x0800480c                        . = ALIGN (0x4)
 *(.ARM.extab* .gnu.linkonce.armextab.*)
                0x0800480c                        . = ALIGN (0x4)

.ARM            0x0800480c        0x0
                0x0800480c                        . = ALIGN (0x4)
                0x0800480c                        __exidx_start = .
 *(.ARM.exidx*)
                0x0800480c                        __exidx_end = .
                0x0800480c                        . = ALIGN (0x4)

.preinit_array  0x0800480c        0x0
                0x0800480c                        . = ALIGN (0x4)
                0x0800480c                        PROVIDE (__preinit_array_start = .)
 *(.preinit_array*)
                0x0800480c                        PROVIDE (__preinit_array_end = .)
                0x0800480c                        . = ALIGN (0x4)

.init_array     0x0800480c        0x4
                0x0800480c                        . = ALIGN (0x4)
                0x0800480c                        PROVIDE (__init_array_start = .)
 *(SORT_BY_NAME(.init_array.*))
 *(.init_array*)
 .init_array    0x0800480c        0x4 C:/ST/STM32CubeIDE_1.13.1/STM32CubeIDE/plugins/com.st.stm32cube.ide.mcu.externaltools.gnu-tools-for-stm32.12.3.rel1.win32_1.0.100.202403111256/tools/bin/../lib/gcc/arm-none-eabi/12.3.1/thumb/v7e-m+fp/hard/crtbegin.o
                0x08004810                        PROVIDE (__init_array_end = .)
                0x08004810                        . = ALIGN (0x4)

.fini_array     0x08004810        0x4
                0x08004810                        . = ALIGN (0x4)
                [!provide]                        PROVIDE (__fini_array_start = .)
 *(SORT_BY_NAME(.fini_array.*))
 *(.fini_array*)
 .fini_array    0x08004810        0x4 C:/ST/STM32CubeIDE_1.13.1/STM32CubeIDE/plugins/com.st.stm32cube.ide.mcu.externaltools.gnu-tools-for-stm32.12.3.rel1.win32_1.0.100.202403111256/tools/bin/../lib/gcc/arm-none-eabi/12.3.1/thumb/v7e-m+fp/hard/crtbegin.o
                [!provide]                        PROVIDE (__fini_array_end = .)
                0x08004814                        . = ALIGN (0x4)
                0x08004814                        _sidata = LOADADDR (.data)

.data           0x20000000       0x28 load address 0x08004814
                0x20000000                        . = ALIGN (0x4)
                0x20000000                        _sdata = .
 *(.data)
 *(.data*)
 .data.txBuff   0x20000000        0xe ./Core/Src/main.o
                0x20000000                txBuff
 *fill*         0x2000000e        0x2 
 .data.txBuff_2
                0x20000010        0xa ./Core/Src/main.o
                0x20000010                txBuff_2
 *fill*         0x2000001a        0x2 
 .data.SystemCoreClock
                0x2000001c        0x4 ./Core/Src/system_stm32f3xx.o
                0x2000001c                SystemCoreClock
 .data.uwTickPrio
                0x20000020        0x4 ./Drivers/STM32F3xx_HAL_Driver/Src/stm32f3xx_hal.o
                0x20000020                uwTickPrio
 .data.uwTickFreq
                0x20000024        0x1 ./Drivers/STM32F3xx_HAL_Driver/Src/stm32f3xx_hal.o
                0x20000024                uwTickFreq
 *(.RamFunc)
 *(.RamFunc*)
                0x20000028                        . = ALIGN (0x4)
 *fill*         0x20000025        0x3 
                0x20000028                        _edata = .

.igot.plt       0x20000028        0x0 load address 0x0800483c
 .igot.plt      0x20000028        0x0 C:/ST/STM32CubeIDE_1.13.1/STM32CubeIDE/plugins/com.st.stm32cube.ide.mcu.externaltools.gnu-tools-for-stm32.12.3.rel1.win32_1.0.100.202403111256/tools/bin/../lib/gcc/arm-none-eabi/12.3.1/thumb/v7e-m+fp/hard/crtbegin.o
                0x20000028                        . = ALIGN (0x4)

.bss            0x20000028      0x490 load address 0x0800483c
                0x20000028                        _sbss = .
                0x20000028                        __bss_start__ = _sbss
 *(.bss)
 .bss           0x20000028       0x1c C:/ST/STM32CubeIDE_1.13.1/STM32CubeIDE/plugins/com.st.stm32cube.ide.mcu.externaltools.gnu-tools-for-stm32.12.3.rel1.win32_1.0.100.202403111256/tools/bin/../lib/gcc/arm-none-eabi/12.3.1/thumb/v7e-m+fp/hard/crtbegin.o
 *(.bss*)
 .bss.hcan      0x20000044       0x28 ./Core/Src/main.o
                0x20000044                hcan
 .bss.huart2    0x2000006c       0x88 ./Core/Src/main.o
                0x2000006c                huart2
 .bss.hdma_usart2_tx
                0x200000f4       0x44 ./Core/Src/main.o
                0x200000f4                hdma_usart2_tx
 .bss.hdma_usart2_rx
                0x20000138       0x44 ./Core/Src/main.o
                0x20000138                hdma_usart2_rx
 .bss.my_cyber  0x2000017c      0x2c0 ./Core/Src/main.o
                0x2000017c                my_cyber
 .bss.ecan      0x2000043c       0x68 ./Core/Src/main.o
                0x2000043c                ecan
 .bss.motor_speed
                0x200004a4       0x10 ./Core/Src/main.o
                0x200004a4                motor_speed
 .bss.uwTick    0x200004b4        0x4 ./Drivers/STM32F3xx_HAL_Driver/Src/stm32f3xx_hal.o
                0x200004b4                uwTick
 *(COMMON)
                0x200004b8                        . = ALIGN (0x4)
                0x200004b8                        _ebss = .
                0x200004b8                        __bss_end__ = _ebss

._user_heap_stack
                0x200004b8      0x600 load address 0x0800483c
                0x200004b8                        . = ALIGN (0x8)
                [!provide]                        PROVIDE (end = .)
                0x200004b8                        PROVIDE (_end = .)
                0x200006b8                        . = (. + _Min_Heap_Size)
 *fill*         0x200004b8      0x200 
                0x20000ab8                        . = (. + _Min_Stack_Size)
 *fill*         0x200006b8      0x400 
                0x20000ab8                        . = ALIGN (0x8)

/DISCARD/
 libc.a(*)
 libm.a(*)
 libgcc.a(*)

.ARM.attributes
                0x00000000       0x30
 *(.ARM.attributes)
 .ARM.attributes
                0x00000000       0x22 C:/ST/STM32CubeIDE_1.13.1/STM32CubeIDE/plugins/com.st.stm32cube.ide.mcu.externaltools.gnu-tools-for-stm32.12.3.rel1.win32_1.0.100.202403111256/tools/bin/../lib/gcc/arm-none-eabi/12.3.1/thumb/v7e-m+fp/hard/crti.o
 .ARM.attributes
                0x00000022       0x34 C:/ST/STM32CubeIDE_1.13.1/STM32CubeIDE/plugins/com.st.stm32cube.ide.mcu.externaltools.gnu-tools-for-stm32.12.3.rel1.win32_1.0.100.202403111256/tools/bin/../lib/gcc/arm-none-eabi/12.3.1/thumb/v7e-m+fp/hard/crtbegin.o
 .ARM.attributes
                0x00000056       0x34 ./Core/Src/CyberGear.o
 .ARM.attributes
                0x0000008a       0x34 ./Core/Src/Easy_CAN6.o
 .ARM.attributes
                0x000000be       0x34 ./Core/Src/main.o
 .ARM.attributes
                0x000000f2       0x34 ./Core/Src/stm32f3xx_hal_msp.o
 .ARM.attributes
                0x00000126       0x34 ./Core/Src/stm32f3xx_it.o
 .ARM.attributes
                0x0000015a       0x34 ./Core/Src/system_stm32f3xx.o
 .ARM.attributes
                0x0000018e       0x21 ./Core/Startup/startup_stm32f303k8tx.o
 .ARM.attributes
                0x000001af       0x34 ./Drivers/STM32F3xx_HAL_Driver/Src/stm32f3xx_hal.o
 .ARM.attributes
                0x000001e3       0x34 ./Drivers/STM32F3xx_HAL_Driver/Src/stm32f3xx_hal_can.o
 .ARM.attributes
                0x00000217       0x34 ./Drivers/STM32F3xx_HAL_Driver/Src/stm32f3xx_hal_cortex.o
 .ARM.attributes
                0x0000024b       0x34 ./Drivers/STM32F3xx_HAL_Driver/Src/stm32f3xx_hal_dma.o
 .ARM.attributes
                0x0000027f       0x34 ./Drivers/STM32F3xx_HAL_Driver/Src/stm32f3xx_hal_gpio.o
 .ARM.attributes
                0x000002b3       0x34 ./Drivers/STM32F3xx_HAL_Driver/Src/stm32f3xx_hal_rcc.o
 .ARM.attributes
                0x000002e7       0x34 ./Drivers/STM32F3xx_HAL_Driver/Src/stm32f3xx_hal_uart.o
 .ARM.attributes
                0x0000031b       0x34 ./Drivers/STM32F3xx_HAL_Driver/Src/stm32f3xx_hal_uart_ex.o
 .ARM.attributes
                0x0000034f       0x34 C:/ST/STM32CubeIDE_1.13.1/STM32CubeIDE/plugins/com.st.stm32cube.ide.mcu.externaltools.gnu-tools-for-stm32.12.3.rel1.win32_1.0.100.202403111256/tools/bin/../lib/gcc/arm-none-eabi/12.3.1/../../../../arm-none-eabi/lib/thumb/v7e-m+fp/hard\libc_nano.a(libc_a-memset.o)
 .ARM.attributes
                0x00000383       0x34 C:/ST/STM32CubeIDE_1.13.1/STM32CubeIDE/plugins/com.st.stm32cube.ide.mcu.externaltools.gnu-tools-for-stm32.12.3.rel1.win32_1.0.100.202403111256/tools/bin/../lib/gcc/arm-none-eabi/12.3.1/../../../../arm-none-eabi/lib/thumb/v7e-m+fp/hard\libc_nano.a(libc_a-init.o)
 .ARM.attributes
                0x000003b7       0x34 C:/ST/STM32CubeIDE_1.13.1/STM32CubeIDE/plugins/com.st.stm32cube.ide.mcu.externaltools.gnu-tools-for-stm32.12.3.rel1.win32_1.0.100.202403111256/tools/bin/../lib/gcc/arm-none-eabi/12.3.1/../../../../arm-none-eabi/lib/thumb/v7e-m+fp/hard\libc_nano.a(libc_a-memcpy-stub.o)
 .ARM.attributes
                0x000003eb       0x22 C:/ST/STM32CubeIDE_1.13.1/STM32CubeIDE/plugins/com.st.stm32cube.ide.mcu.externaltools.gnu-tools-for-stm32.12.3.rel1.win32_1.0.100.202403111256/tools/bin/../lib/gcc/arm-none-eabi/12.3.1/thumb/v7e-m+fp/hard/crtn.o
OUTPUT(cybergeartest3.elf elf32-littlearm)
LOAD linker stubs
LOAD C:/ST/STM32CubeIDE_1.13.1/STM32CubeIDE/plugins/com.st.stm32cube.ide.mcu.externaltools.gnu-tools-for-stm32.12.3.rel1.win32_1.0.100.202403111256/tools/bin/../lib/gcc/arm-none-eabi/12.3.1/../../../../arm-none-eabi/lib/thumb/v7e-m+fp/hard\libc.a
LOAD C:/ST/STM32CubeIDE_1.13.1/STM32CubeIDE/plugins/com.st.stm32cube.ide.mcu.externaltools.gnu-tools-for-stm32.12.3.rel1.win32_1.0.100.202403111256/tools/bin/../lib/gcc/arm-none-eabi/12.3.1/../../../../arm-none-eabi/lib/thumb/v7e-m+fp/hard\libm.a
LOAD C:/ST/STM32CubeIDE_1.13.1/STM32CubeIDE/plugins/com.st.stm32cube.ide.mcu.externaltools.gnu-tools-for-stm32.12.3.rel1.win32_1.0.100.202403111256/tools/bin/../lib/gcc/arm-none-eabi/12.3.1/thumb/v7e-m+fp/hard\libgcc.a

.debug_info     0x00000000     0xdc99
 .debug_info    0x00000000     0x1362 ./Core/Src/CyberGear.o
 .debug_info    0x00001362      0xb06 ./Core/Src/Easy_CAN6.o
 .debug_info    0x00001e68     0x19fe ./Core/Src/main.o
 .debug_info    0x00003866      0xf2f ./Core/Src/stm32f3xx_hal_msp.o
 .debug_info    0x00004795      0x734 ./Core/Src/stm32f3xx_it.o
 .debug_info    0x00004ec9      0x407 ./Core/Src/system_stm32f3xx.o
 .debug_info    0x000052d0       0x30 ./Core/Startup/startup_stm32f303k8tx.o
 .debug_info    0x00005300      0x74a ./Drivers/STM32F3xx_HAL_Driver/Src/stm32f3xx_hal.o
 .debug_info    0x00005a4a      0xf16 ./Drivers/STM32F3xx_HAL_Driver/Src/stm32f3xx_hal_can.o
 .debug_info    0x00006960      0xa87 ./Drivers/STM32F3xx_HAL_Driver/Src/stm32f3xx_hal_cortex.o
 .debug_info    0x000073e7      0x6e1 ./Drivers/STM32F3xx_HAL_Driver/Src/stm32f3xx_hal_dma.o
 .debug_info    0x00007ac8      0x6a6 ./Drivers/STM32F3xx_HAL_Driver/Src/stm32f3xx_hal_gpio.o
 .debug_info    0x0000816e     0x14f1 ./Drivers/STM32F3xx_HAL_Driver/Src/stm32f3xx_hal_rcc.o
 .debug_info    0x0000965f     0x39a8 ./Drivers/STM32F3xx_HAL_Driver/Src/stm32f3xx_hal_uart.o
 .debug_info    0x0000d007      0xc92 ./Drivers/STM32F3xx_HAL_Driver/Src/stm32f3xx_hal_uart_ex.o

.debug_abbrev   0x00000000     0x1fb5
 .debug_abbrev  0x00000000      0x29c ./Core/Src/CyberGear.o
 .debug_abbrev  0x0000029c      0x1da ./Core/Src/Easy_CAN6.o
 .debug_abbrev  0x00000476      0x2e8 ./Core/Src/main.o
 .debug_abbrev  0x0000075e      0x223 ./Core/Src/stm32f3xx_hal_msp.o
 .debug_abbrev  0x00000981      0x175 ./Core/Src/stm32f3xx_it.o
 .debug_abbrev  0x00000af6      0x11a ./Core/Src/system_stm32f3xx.o
 .debug_abbrev  0x00000c10       0x24 ./Core/Startup/startup_stm32f303k8tx.o
 .debug_abbrev  0x00000c34      0x215 ./Drivers/STM32F3xx_HAL_Driver/Src/stm32f3xx_hal.o
 .debug_abbrev  0x00000e49      0x20d ./Drivers/STM32F3xx_HAL_Driver/Src/stm32f3xx_hal_can.o
 .debug_abbrev  0x00001056      0x2f8 ./Drivers/STM32F3xx_HAL_Driver/Src/stm32f3xx_hal_cortex.o
 .debug_abbrev  0x0000134e      0x20d ./Drivers/STM32F3xx_HAL_Driver/Src/stm32f3xx_hal_dma.o
 .debug_abbrev  0x0000155b      0x1ca ./Drivers/STM32F3xx_HAL_Driver/Src/stm32f3xx_hal_gpio.o
 .debug_abbrev  0x00001725      0x300 ./Drivers/STM32F3xx_HAL_Driver/Src/stm32f3xx_hal_rcc.o
 .debug_abbrev  0x00001a25      0x2d1 ./Drivers/STM32F3xx_HAL_Driver/Src/stm32f3xx_hal_uart.o
 .debug_abbrev  0x00001cf6      0x2bf ./Drivers/STM32F3xx_HAL_Driver/Src/stm32f3xx_hal_uart_ex.o

.debug_aranges  0x00000000      0x9e0
 .debug_aranges
                0x00000000       0xe8 ./Core/Src/CyberGear.o
 .debug_aranges
                0x000000e8       0x70 ./Core/Src/Easy_CAN6.o
 .debug_aranges
                0x00000158       0x68 ./Core/Src/main.o
 .debug_aranges
                0x000001c0       0x40 ./Core/Src/stm32f3xx_hal_msp.o
 .debug_aranges
                0x00000200       0x78 ./Core/Src/stm32f3xx_it.o
 .debug_aranges
                0x00000278       0x28 ./Core/Src/system_stm32f3xx.o
 .debug_aranges
                0x000002a0       0x28 ./Core/Startup/startup_stm32f303k8tx.o
 .debug_aranges
                0x000002c8       0xe0 ./Drivers/STM32F3xx_HAL_Driver/Src/stm32f3xx_hal.o
 .debug_aranges
                0x000003a8      0x138 ./Drivers/STM32F3xx_HAL_Driver/Src/stm32f3xx_hal_can.o
 .debug_aranges
                0x000004e0      0x100 ./Drivers/STM32F3xx_HAL_Driver/Src/stm32f3xx_hal_cortex.o
 .debug_aranges
                0x000005e0       0x88 ./Drivers/STM32F3xx_HAL_Driver/Src/stm32f3xx_hal_dma.o
 .debug_aranges
                0x00000668       0x58 ./Drivers/STM32F3xx_HAL_Driver/Src/stm32f3xx_hal_gpio.o
 .debug_aranges
                0x000006c0       0x88 ./Drivers/STM32F3xx_HAL_Driver/Src/stm32f3xx_hal_rcc.o
 .debug_aranges
                0x00000748      0x228 ./Drivers/STM32F3xx_HAL_Driver/Src/stm32f3xx_hal_uart.o
 .debug_aranges
                0x00000970       0x70 ./Drivers/STM32F3xx_HAL_Driver/Src/stm32f3xx_hal_uart_ex.o

.debug_rnglists
                0x00000000      0x7d4
 .debug_rnglists
                0x00000000       0xf8 ./Core/Src/CyberGear.o
 .debug_rnglists
                0x000000f8       0x52 ./Core/Src/Easy_CAN6.o
 .debug_rnglists
                0x0000014a       0x4d ./Core/Src/main.o
 .debug_rnglists
                0x00000197       0x2d ./Core/Src/stm32f3xx_hal_msp.o
 .debug_rnglists
                0x000001c4       0x55 ./Core/Src/stm32f3xx_it.o
 .debug_rnglists
                0x00000219       0x1a ./Core/Src/system_stm32f3xx.o
 .debug_rnglists
                0x00000233       0x19 ./Core/Startup/startup_stm32f303k8tx.o
 .debug_rnglists
                0x0000024c       0xa3 ./Drivers/STM32F3xx_HAL_Driver/Src/stm32f3xx_hal.o
 .debug_rnglists
                0x000002ef       0xee ./Drivers/STM32F3xx_HAL_Driver/Src/stm32f3xx_hal_can.o
 .debug_rnglists
                0x000003dd       0xbb ./Drivers/STM32F3xx_HAL_Driver/Src/stm32f3xx_hal_cortex.o
 .debug_rnglists
                0x00000498       0x69 ./Drivers/STM32F3xx_HAL_Driver/Src/stm32f3xx_hal_dma.o
 .debug_rnglists
                0x00000501       0x3f ./Drivers/STM32F3xx_HAL_Driver/Src/stm32f3xx_hal_gpio.o
 .debug_rnglists
                0x00000540       0x66 ./Drivers/STM32F3xx_HAL_Driver/Src/stm32f3xx_hal_rcc.o
 .debug_rnglists
                0x000005a6      0x1da ./Drivers/STM32F3xx_HAL_Driver/Src/stm32f3xx_hal_uart.o
 .debug_rnglists
                0x00000780       0x54 ./Drivers/STM32F3xx_HAL_Driver/Src/stm32f3xx_hal_uart_ex.o

.debug_macro    0x00000000    0x1b0ff
 .debug_macro   0x00000000      0x2ed ./Core/Src/CyberGear.o
 .debug_macro   0x000002ed      0xab4 ./Core/Src/CyberGear.o
 .debug_macro   0x00000da1      0x157 ./Core/Src/CyberGear.o
 .debug_macro   0x00000ef8       0x2e ./Core/Src/CyberGear.o
 .debug_macro   0x00000f26       0x28 ./Core/Src/CyberGear.o
 .debug_macro   0x00000f4e       0x22 ./Core/Src/CyberGear.o
 .debug_macro   0x00000f70       0x8e ./Core/Src/CyberGear.o
 .debug_macro   0x00000ffe       0x51 ./Core/Src/CyberGear.o
 .debug_macro   0x0000104f      0x103 ./Core/Src/CyberGear.o
 .debug_macro   0x00001152       0x6a ./Core/Src/CyberGear.o
 .debug_macro   0x000011bc      0x1df ./Core/Src/CyberGear.o
 .debug_macro   0x0000139b       0x1c ./Core/Src/CyberGear.o
 .debug_macro   0x000013b7       0x22 ./Core/Src/CyberGear.o
 .debug_macro   0x000013d9       0xd9 ./Core/Src/CyberGear.o
 .debug_macro   0x000014b2      0xf07 ./Core/Src/CyberGear.o
 .debug_macro   0x000023b9    0x10be0 ./Core/Src/CyberGear.o
 .debug_macro   0x00012f99       0x6d ./Core/Src/CyberGear.o
 .debug_macro   0x00013006     0x3558 ./Core/Src/CyberGear.o
 .debug_macro   0x0001655e      0x189 ./Core/Src/CyberGear.o
 .debug_macro   0x000166e7       0x55 ./Core/Src/CyberGear.o
 .debug_macro   0x0001673c      0x8f8 ./Core/Src/CyberGear.o
 .debug_macro   0x00017034      0x304 ./Core/Src/CyberGear.o
 .debug_macro   0x00017338      0x1b5 ./Core/Src/CyberGear.o
 .debug_macro   0x000174ed      0x11b ./Core/Src/CyberGear.o
 .debug_macro   0x00017608      0x1d5 ./Core/Src/CyberGear.o
 .debug_macro   0x000177dd      0x1bc ./Core/Src/CyberGear.o
 .debug_macro   0x00017999       0x34 ./Core/Src/CyberGear.o
 .debug_macro   0x000179cd       0x3c ./Core/Src/CyberGear.o
 .debug_macro   0x00017a09       0x57 ./Core/Src/CyberGear.o
 .debug_macro   0x00017a60      0x408 ./Core/Src/CyberGear.o
 .debug_macro   0x00017e68       0xc5 ./Core/Src/CyberGear.o
 .debug_macro   0x00017f2d      0x19f ./Core/Src/CyberGear.o
 .debug_macro   0x000180cc      0x22c ./Core/Src/CyberGear.o
 .debug_macro   0x000182f8       0x5b ./Core/Src/CyberGear.o
 .debug_macro   0x00018353       0xa5 ./Core/Src/CyberGear.o
 .debug_macro   0x000183f8       0x81 ./Core/Src/CyberGear.o
 .debug_macro   0x00018479       0xd3 ./Core/Src/CyberGear.o
 .debug_macro   0x0001854c      0x5ba ./Core/Src/CyberGear.o
 .debug_macro   0x00018b06       0x44 ./Core/Src/CyberGear.o
 .debug_macro   0x00018b4a      0x285 ./Core/Src/CyberGear.o
 .debug_macro   0x00018dcf       0x4c ./Core/Src/CyberGear.o
 .debug_macro   0x00018e1b       0x1c ./Core/Src/CyberGear.o
 .debug_macro   0x00018e37       0x61 ./Core/Src/CyberGear.o
 .debug_macro   0x00018e98       0x2a ./Core/Src/CyberGear.o
 .debug_macro   0x00018ec2       0x43 ./Core/Src/CyberGear.o
 .debug_macro   0x00018f05       0x34 ./Core/Src/CyberGear.o
 .debug_macro   0x00018f39       0x16 ./Core/Src/CyberGear.o
 .debug_macro   0x00018f4f       0x43 ./Core/Src/CyberGear.o
 .debug_macro   0x00018f92       0x34 ./Core/Src/CyberGear.o
 .debug_macro   0x00018fc6       0x10 ./Core/Src/CyberGear.o
 .debug_macro   0x00018fd6       0x58 ./Core/Src/CyberGear.o
 .debug_macro   0x0001902e       0x8e ./Core/Src/CyberGear.o
 .debug_macro   0x000190bc       0x1c ./Core/Src/CyberGear.o
 .debug_macro   0x000190d8      0x177 ./Core/Src/CyberGear.o
 .debug_macro   0x0001924f      0x369 ./Core/Src/CyberGear.o
 .debug_macro   0x000195b8       0x10 ./Core/Src/CyberGear.o
 .debug_macro   0x000195c8       0x35 ./Core/Src/CyberGear.o
 .debug_macro   0x000195fd       0x20 ./Core/Src/CyberGear.o
 .debug_macro   0x0001961d      0x2a2 ./Core/Src/Easy_CAN6.o
 .debug_macro   0x000198bf      0x2ea ./Core/Src/main.o
 .debug_macro   0x00019ba9      0x19b ./Core/Src/main.o
 .debug_macro   0x00019d44       0x16 ./Core/Src/main.o
 .debug_macro   0x00019d5a      0x1ca ./Core/Src/stm32f3xx_hal_msp.o
 .debug_macro   0x00019f24      0x1d4 ./Core/Src/stm32f3xx_it.o
 .debug_macro   0x0001a0f8      0x1bb ./Core/Src/system_stm32f3xx.o
 .debug_macro   0x0001a2b3      0x1df ./Drivers/STM32F3xx_HAL_Driver/Src/stm32f3xx_hal.o
 .debug_macro   0x0001a492      0x1c3 ./Drivers/STM32F3xx_HAL_Driver/Src/stm32f3xx_hal_can.o
 .debug_macro   0x0001a655      0x1bb ./Drivers/STM32F3xx_HAL_Driver/Src/stm32f3xx_hal_cortex.o
 .debug_macro   0x0001a810      0x1bb ./Drivers/STM32F3xx_HAL_Driver/Src/stm32f3xx_hal_dma.o
 .debug_macro   0x0001a9cb      0x1c2 ./Drivers/STM32F3xx_HAL_Driver/Src/stm32f3xx_hal_gpio.o
 .debug_macro   0x0001ab8d      0x1df ./Drivers/STM32F3xx_HAL_Driver/Src/stm32f3xx_hal_rcc.o
 .debug_macro   0x0001ad6c      0x1d8 ./Drivers/STM32F3xx_HAL_Driver/Src/stm32f3xx_hal_uart.o
 .debug_macro   0x0001af44      0x1bb ./Drivers/STM32F3xx_HAL_Driver/Src/stm32f3xx_hal_uart_ex.o

.debug_line     0x00000000     0xce74
 .debug_line    0x00000000      0xf8e ./Core/Src/CyberGear.o
 .debug_line    0x00000f8e      0xafd ./Core/Src/Easy_CAN6.o
 .debug_line    0x00001a8b      0xae3 ./Core/Src/main.o
 .debug_line    0x0000256e      0x833 ./Core/Src/stm32f3xx_hal_msp.o
 .debug_line    0x00002da1      0x85b ./Core/Src/stm32f3xx_it.o
 .debug_line    0x000035fc      0x7ca ./Core/Src/system_stm32f3xx.o
 .debug_line    0x00003dc6       0x7a ./Core/Startup/startup_stm32f303k8tx.o
 .debug_line    0x00003e40      0xa02 ./Drivers/STM32F3xx_HAL_Driver/Src/stm32f3xx_hal.o
 .debug_line    0x00004842     0x11df ./Drivers/STM32F3xx_HAL_Driver/Src/stm32f3xx_hal_can.o
 .debug_line    0x00005a21      0xbe8 ./Drivers/STM32F3xx_HAL_Driver/Src/stm32f3xx_hal_cortex.o
 .debug_line    0x00006609      0xcea ./Drivers/STM32F3xx_HAL_Driver/Src/stm32f3xx_hal_dma.o
 .debug_line    0x000072f3      0xb65 ./Drivers/STM32F3xx_HAL_Driver/Src/stm32f3xx_hal_gpio.o
 .debug_line    0x00007e58     0x13d6 ./Drivers/STM32F3xx_HAL_Driver/Src/stm32f3xx_hal_rcc.o
 .debug_line    0x0000922e     0x30d0 ./Drivers/STM32F3xx_HAL_Driver/Src/stm32f3xx_hal_uart.o
 .debug_line    0x0000c2fe      0xb76 ./Drivers/STM32F3xx_HAL_Driver/Src/stm32f3xx_hal_uart_ex.o

.debug_str      0x00000000    0x9db36
 .debug_str     0x00000000    0x9aa04 ./Core/Src/CyberGear.o
                              0x9ad24 (size before relaxing)
 .debug_str     0x0009aa04      0x22e ./Core/Src/Easy_CAN6.o
                              0x9a87f (size before relaxing)
 .debug_str     0x0009ac32     0x12c4 ./Core/Src/main.o
                              0x9bd6f (size before relaxing)
 .debug_str     0x0009bef6       0xb2 ./Core/Src/stm32f3xx_hal_msp.o
                              0x97c46 (size before relaxing)
 .debug_str     0x0009bfa8      0x134 ./Core/Src/stm32f3xx_it.o
                              0x97635 (size before relaxing)
 .debug_str     0x0009c0dc       0xdf ./Core/Src/system_stm32f3xx.o
                              0x970d5 (size before relaxing)
 .debug_str     0x0009c1bb       0x44 ./Core/Startup/startup_stm32f303k8tx.o
                                 0x81 (size before relaxing)
 .debug_str     0x0009c1ff      0x397 ./Drivers/STM32F3xx_HAL_Driver/Src/stm32f3xx_hal.o
                              0x977c5 (size before relaxing)
 .debug_str     0x0009c596      0x3a8 ./Drivers/STM32F3xx_HAL_Driver/Src/stm32f3xx_hal_can.o
                              0x9785c (size before relaxing)
 .debug_str     0x0009c93e      0x203 ./Drivers/STM32F3xx_HAL_Driver/Src/stm32f3xx_hal_cortex.o
                              0x976ea (size before relaxing)
 .debug_str     0x0009cb41      0x21e ./Drivers/STM32F3xx_HAL_Driver/Src/stm32f3xx_hal_dma.o
                              0x9741d (size before relaxing)
 .debug_str     0x0009cd5f      0x163 ./Drivers/STM32F3xx_HAL_Driver/Src/stm32f3xx_hal_gpio.o
                              0x972b4 (size before relaxing)
 .debug_str     0x0009cec2      0x2c3 ./Drivers/STM32F3xx_HAL_Driver/Src/stm32f3xx_hal_rcc.o
                              0x97575 (size before relaxing)
 .debug_str     0x0009d185      0x7f0 ./Drivers/STM32F3xx_HAL_Driver/Src/stm32f3xx_hal_uart.o
                              0x97df8 (size before relaxing)
 .debug_str     0x0009d975      0x1c1 ./Drivers/STM32F3xx_HAL_Driver/Src/stm32f3xx_hal_uart_ex.o
                              0x976fd (size before relaxing)

.comment        0x00000000       0x43
 .comment       0x00000000       0x43 ./Core/Src/CyberGear.o
                                 0x44 (size before relaxing)
 .comment       0x00000043       0x44 ./Core/Src/Easy_CAN6.o
 .comment       0x00000043       0x44 ./Core/Src/main.o
 .comment       0x00000043       0x44 ./Core/Src/stm32f3xx_hal_msp.o
 .comment       0x00000043       0x44 ./Core/Src/stm32f3xx_it.o
 .comment       0x00000043       0x44 ./Core/Src/system_stm32f3xx.o
 .comment       0x00000043       0x44 ./Drivers/STM32F3xx_HAL_Driver/Src/stm32f3xx_hal.o
 .comment       0x00000043       0x44 ./Drivers/STM32F3xx_HAL_Driver/Src/stm32f3xx_hal_can.o
 .comment       0x00000043       0x44 ./Drivers/STM32F3xx_HAL_Driver/Src/stm32f3xx_hal_cortex.o
 .comment       0x00000043       0x44 ./Drivers/STM32F3xx_HAL_Driver/Src/stm32f3xx_hal_dma.o
 .comment       0x00000043       0x44 ./Drivers/STM32F3xx_HAL_Driver/Src/stm32f3xx_hal_gpio.o
 .comment       0x00000043       0x44 ./Drivers/STM32F3xx_HAL_Driver/Src/stm32f3xx_hal_rcc.o
 .comment       0x00000043       0x44 ./Drivers/STM32F3xx_HAL_Driver/Src/stm32f3xx_hal_uart.o
 .comment       0x00000043       0x44 ./Drivers/STM32F3xx_HAL_Driver/Src/stm32f3xx_hal_uart_ex.o

.debug_frame    0x00000000     0x2804
 .debug_frame   0x00000000      0x3f8 ./Core/Src/CyberGear.o
 .debug_frame   0x000003f8      0x1a0 ./Core/Src/Easy_CAN6.o
 .debug_frame   0x00000598      0x164 ./Core/Src/main.o
 .debug_frame   0x000006fc       0xc8 ./Core/Src/stm32f3xx_hal_msp.o
 .debug_frame   0x000007c4      0x158 ./Core/Src/stm32f3xx_it.o
 .debug_frame   0x0000091c       0x58 ./Core/Src/system_stm32f3xx.o
 .debug_frame   0x00000974      0x334 ./Drivers/STM32F3xx_HAL_Driver/Src/stm32f3xx_hal.o
 .debug_frame   0x00000ca8      0x5a0 ./Drivers/STM32F3xx_HAL_Driver/Src/stm32f3xx_hal_can.o
 .debug_frame   0x00001248      0x428 ./Drivers/STM32F3xx_HAL_Driver/Src/stm32f3xx_hal_cortex.o
 .debug_frame   0x00001670      0x224 ./Drivers/STM32F3xx_HAL_Driver/Src/stm32f3xx_hal_dma.o
 .debug_frame   0x00001894      0x14c ./Drivers/STM32F3xx_HAL_Driver/Src/stm32f3xx_hal_gpio.o
 .debug_frame   0x000019e0      0x214 ./Drivers/STM32F3xx_HAL_Driver/Src/stm32f3xx_hal_rcc.o
 .debug_frame   0x00001bf4      0x9e8 ./Drivers/STM32F3xx_HAL_Driver/Src/stm32f3xx_hal_uart.o
 .debug_frame   0x000025dc      0x1b4 ./Drivers/STM32F3xx_HAL_Driver/Src/stm32f3xx_hal_uart_ex.o
 .debug_frame   0x00002790       0x20 C:/ST/STM32CubeIDE_1.13.1/STM32CubeIDE/plugins/com.st.stm32cube.ide.mcu.externaltools.gnu-tools-for-stm32.12.3.rel1.win32_1.0.100.202403111256/tools/bin/../lib/gcc/arm-none-eabi/12.3.1/../../../../arm-none-eabi/lib/thumb/v7e-m+fp/hard\libc_nano.a(libc_a-memset.o)
 .debug_frame   0x000027b0       0x2c C:/ST/STM32CubeIDE_1.13.1/STM32CubeIDE/plugins/com.st.stm32cube.ide.mcu.externaltools.gnu-tools-for-stm32.12.3.rel1.win32_1.0.100.202403111256/tools/bin/../lib/gcc/arm-none-eabi/12.3.1/../../../../arm-none-eabi/lib/thumb/v7e-m+fp/hard\libc_nano.a(libc_a-init.o)
 .debug_frame   0x000027dc       0x28 C:/ST/STM32CubeIDE_1.13.1/STM32CubeIDE/plugins/com.st.stm32cube.ide.mcu.externaltools.gnu-tools-for-stm32.12.3.rel1.win32_1.0.100.202403111256/tools/bin/../lib/gcc/arm-none-eabi/12.3.1/../../../../arm-none-eabi/lib/thumb/v7e-m+fp/hard\libc_nano.a(libc_a-memcpy-stub.o)

.debug_line_str
                0x00000000       0x65
 .debug_line_str
                0x00000000       0x65 ./Core/Startup/startup_stm32f303k8tx.o
